Archive member included because of file (symbol)

C:\Users\kulakov\AppData\Local\Arduino15\packages\arduino\hardware\sam\1.6.11\variants\arduino_due_x/libsam_sam3x8e_gcc_rel.a(pio.o)
                              .\libraries\WireSam\src\WireSam.cpp.o (PIO_Configure)
C:\Users\kulakov\AppData\Local\Arduino15\packages\arduino\hardware\sam\1.6.11\variants\arduino_due_x/libsam_sam3x8e_gcc_rel.a(pmc.o)
                              .\libraries\Arduino-Due-RTC-Library\src\rtc_clock.cpp.o (pmc_switch_sclk_to_32kxtal)
C:\Users\kulakov\AppData\Local\Arduino15\packages\arduino\hardware\sam\1.6.11\variants\arduino_due_x/libsam_sam3x8e_gcc_rel.a(rtc.o)
                              .\libraries\Arduino-Due-RTC-Library\src\rtc_clock.cpp.o (RTC_SetHourMode)
C:\Users\kulakov\AppData\Local\Arduino15\packages\arduino\hardware\sam\1.6.11\variants\arduino_due_x/libsam_sam3x8e_gcc_rel.a(twi.o)
                              .\libraries\WireSam\src\WireSam.cpp.o (TWI_SetClock)
C:\Users\kulakov\AppData\Local\Arduino15\packages\arduino\hardware\sam\1.6.11\variants\arduino_due_x/libsam_sam3x8e_gcc_rel.a(startup_sam3xa.o)
                              (Reset_Handler)
C:\Users\kulakov\AppData\Local\Arduino15\packages\arduino\hardware\sam\1.6.11\variants\arduino_due_x/libsam_sam3x8e_gcc_rel.a(uotghs.o)
                              C:\Users\kulakov\AppData\Local\Arduino15\packages\arduino\hardware\sam\1.6.11\variants\arduino_due_x/libsam_sam3x8e_gcc_rel.a(startup_sam3xa.o) (UOTGHS_Handler)
C:\Users\kulakov\AppData\Local\Arduino15\packages\arduino\hardware\sam\1.6.11\variants\arduino_due_x/libsam_sam3x8e_gcc_rel.a(rstc.o)
                              .\sloeber.ino.cpp.o (rstc_get_reset_cause)
G:/Electric/HeatPump/Control/Test/Release/arduino.ar(variant.cpp.o)
                              C:\Users\kulakov\AppData\Local\Arduino15\packages\arduino\hardware\sam\1.6.11\variants\arduino_due_x/libsam_sam3x8e_gcc_rel.a(startup_sam3xa.o) (UART_Handler)
G:/Electric/HeatPump/Control/Test/Release/arduino.ar(Print.cpp.o)
                              .\sloeber.ino.cpp.o (Print::print(char const*))
G:/Electric/HeatPump/Control/Test/Release/arduino.ar(RingBuffer.cpp.o)
                              G:/Electric/HeatPump/Control/Test/Release/arduino.ar(variant.cpp.o) (RingBuffer::RingBuffer())
G:/Electric/HeatPump/Control/Test/Release/arduino.ar(UARTClass.cpp.o)
                              .\libraries\FreeRTOS_ARM\src\basic_io_arm.cpp.o (UARTClass::available())
G:/Electric/HeatPump/Control/Test/Release/arduino.ar(USARTClass.cpp.o)
                              G:/Electric/HeatPump/Control/Test/Release/arduino.ar(variant.cpp.o) (USARTClass::USARTClass(Usart*, IRQn, unsigned long, RingBuffer*, RingBuffer*))
G:/Electric/HeatPump/Control/Test/Release/arduino.ar(WInterrupts.c.o)
                              C:\Users\kulakov\AppData\Local\Arduino15\packages\arduino\hardware\sam\1.6.11\variants\arduino_due_x/libsam_sam3x8e_gcc_rel.a(startup_sam3xa.o) (PIOA_Handler)
G:/Electric/HeatPump/Control/Test/Release/arduino.ar(abi.cpp.o)
                              G:/Electric/HeatPump/Control/Test/Release/arduino.ar(Print.cpp.o) (__cxa_pure_virtual)
G:/Electric/HeatPump/Control/Test/Release/arduino.ar(cortex_handlers.c.o)
                              C:\Users\kulakov\AppData\Local\Arduino15\packages\arduino\hardware\sam\1.6.11\variants\arduino_due_x/libsam_sam3x8e_gcc_rel.a(startup_sam3xa.o) (NMI_Handler)
G:/Electric/HeatPump/Control/Test/Release/arduino.ar(itoa.c.o)
                              .\libraries\FreeRTOS_ARM\src\utility\tasks.c.o (ultoa)
G:/Electric/HeatPump/Control/Test/Release/arduino.ar(main.cpp.o)
                              c:/eclipse/arduinoplugin/packages/arduino/tools/arm-none-eabi-gcc/4.8.3-2014q1/bin/../lib/gcc/arm-none-eabi/4.8.3/../../../../arm-none-eabi/lib/armv7-m/crt0.o (main)
G:/Electric/HeatPump/Control/Test/Release/arduino.ar(syscalls_sam3.c.o)
                              (_sbrk)
G:/Electric/HeatPump/Control/Test/Release/arduino.ar(watchdog.cpp.o)
                              .\sloeber.ino.cpp.o (watchdogEnable(unsigned long))
G:/Electric/HeatPump/Control/Test/Release/arduino.ar(wiring.c.o)
                              .\sloeber.ino.cpp.o (delay)
G:/Electric/HeatPump/Control/Test/Release/arduino.ar(wiring_analog.c.o)
                              G:/Electric/HeatPump/Control/Test/Release/arduino.ar(variant.cpp.o) (analogOutputInit)
G:/Electric/HeatPump/Control/Test/Release/arduino.ar(wiring_digital.c.o)
                              .\libraries\FreeRTOS_ARM\src\FreeRTOS_ARM.c.o (pinMode)
G:/Electric/HeatPump/Control/Test/Release/arduino.ar(USBCore.cpp.o)
                              G:/Electric/HeatPump/Control/Test/Release/arduino.ar(main.cpp.o) (USBDevice_::attach())
G:/Electric/HeatPump/Control/Test/Release/arduino.ar(Reset.cpp.o)
                              G:/Electric/HeatPump/Control/Test/Release/arduino.ar(cortex_handlers.c.o) (tickReset)
[...]
Memory Configuration

Name             Origin             Length             Attributes
rom              0x00080000         0x00080000         xr
sram0            0x20000000         0x00010000         xrw
sram1            0x20080000         0x00008000         xrw
ram              0x20070000         0x00018000         xrw
*default*        0x00000000         0xffffffff

Linker script and memory map

LOAD c:/eclipse/arduinoplugin/packages/arduino/tools/arm-none-eabi-gcc/4.8.3-2014q1/bin/../lib/gcc/arm-none-eabi/4.8.3/armv7-m/crti.o
LOAD c:/eclipse/arduinoplugin/packages/arduino/tools/arm-none-eabi-gcc/4.8.3-2014q1/bin/../lib/gcc/arm-none-eabi/4.8.3/armv7-m/crtbegin.o
LOAD c:/eclipse/arduinoplugin/packages/arduino/tools/arm-none-eabi-gcc/4.8.3-2014q1/bin/../lib/gcc/arm-none-eabi/4.8.3/../../../../arm-none-eabi/lib/armv7-m/crt0.o
START GROUP
LOAD .\sloeber.ino.cpp.o
LOAD .\libraries\extEEPROM\src\extEEPROM.cpp.o
LOAD .\libraries\WireSam\src\WireSam.cpp.o
LOAD .\libraries\FreeRTOS_ARM\src\utility\croutine.c.o
LOAD .\libraries\FreeRTOS_ARM\src\utility\event_groups.c.o
LOAD .\libraries\FreeRTOS_ARM\src\utility\heap_3.c.o
LOAD .\libraries\FreeRTOS_ARM\src\utility\list.c.o
LOAD .\libraries\FreeRTOS_ARM\src\utility\port.c.o
LOAD .\libraries\FreeRTOS_ARM\src\utility\queue.c.o
LOAD .\libraries\FreeRTOS_ARM\src\utility\tasks.c.o
LOAD .\libraries\FreeRTOS_ARM\src\utility\timers.c.o
LOAD .\libraries\FreeRTOS_ARM\src\FreeRTOS_ARM.c.o
LOAD .\libraries\FreeRTOS_ARM\src\assertMsg.cpp.o
LOAD .\libraries\FreeRTOS_ARM\src\basic_io_arm.cpp.o
LOAD .\libraries\FreeRTOS_ARM\src\mini-printf.c.o
LOAD .\libraries\DS3232\src\DS3232.cpp.o
LOAD .\libraries\Arduino-Due-RTC-Library\src\rtc_clock.cpp.o
LOAD C:\Users\kulakov\AppData\Local\Arduino15\packages\arduino\hardware\sam\1.6.11\variants\arduino_due_x/libsam_sam3x8e_gcc_rel.a
LOAD G:/Electric/HeatPump/Control/Test/Release/arduino.ar
END GROUP
LOAD c:/eclipse/arduinoplugin/packages/arduino/tools/arm-none-eabi-gcc/4.8.3-2014q1/bin/../lib/gcc/arm-none-eabi/4.8.3/../../../../arm-none-eabi/lib/armv7-m\libm.a
START GROUP
LOAD c:/eclipse/arduinoplugin/packages/arduino/tools/arm-none-eabi-gcc/4.8.3-2014q1/bin/../lib/gcc/arm-none-eabi/4.8.3/armv7-m\libgcc.a
LOAD c:/eclipse/arduinoplugin/packages/arduino/tools/arm-none-eabi-gcc/4.8.3-2014q1/bin/../lib/gcc/arm-none-eabi/4.8.3/../../../../arm-none-eabi/lib/armv7-m\libg.a
LOAD c:/eclipse/arduinoplugin/packages/arduino/tools/arm-none-eabi-gcc/4.8.3-2014q1/bin/../lib/gcc/arm-none-eabi/4.8.3/../../../../arm-none-eabi/lib/armv7-m\libc.a
END GROUP
LOAD c:/eclipse/arduinoplugin/packages/arduino/tools/arm-none-eabi-gcc/4.8.3-2014q1/bin/../lib/gcc/arm-none-eabi/4.8.3/armv7-m/crtend.o
LOAD c:/eclipse/arduinoplugin/packages/arduino/tools/arm-none-eabi-gcc/4.8.3-2014q1/bin/../lib/gcc/arm-none-eabi/4.8.3/armv7-m/crtn.o

.text           0x00080000     0x682c
                0x00080000                . = ALIGN (0x4)
                0x00080000                _sfixed = .
 *(.vectors .vectors.*)
 .vectors       0x00080000       0xf4 C:\Users\kulakov\AppData\Local\Arduino15\packages\arduino\hardware\sam\1.6.11\variants\arduino_due_x/libsam_sam3x8e_gcc_rel.a(startup_sam3xa.o)
                0x00080000                exception_table
 *(.text .text.* .gnu.linkonce.t.*)
 .text          0x000800f4       0x54 c:/eclipse/arduinoplugin/packages/arduino/tools/arm-none-eabi-gcc/4.8.3-2014q1/bin/../lib/gcc/arm-none-eabi/4.8.3/armv7-m/crtbegin.o
 .text._ZL5_putciP9mini_buff
                0x00080148       0x24 .\sloeber.ino.cpp.o
 .text._Z6m_itoalPchh.part.0
                0x0008016c       0x86 .\sloeber.ino.cpp.o
 .text._Z8m_strlenPKc
                0x000801f2        0xe .\sloeber.ino.cpp.o
                0x000801f2                m_strlen(char const*)
 .text._Z11m_vsnprintfPcjPKcSt9__va_list
                0x00080200      0x116 .\sloeber.ino.cpp.o
                0x00080200                m_vsnprintf(char*, unsigned int, char const*, std::__va_list)
 *fill*         0x00080316        0x2 
 .text._Z10ResetCausev
                0x00080318       0x70 .\sloeber.ino.cpp.o
                0x00080318                ResetCause()
 .text._Z7pprintfPKcz
                0x00080388       0x34 .\sloeber.ino.cpp.o
                0x00080388                pprintf(char const*, ...)
 .text._Z13watchdogSetupv
                0x000803bc        0x8 .\sloeber.ino.cpp.o
                0x000803bc                watchdogSetup()
 .text.loop     0x000803c4        0x2 .\sloeber.ino.cpp.o
                0x000803c4                loop
 *fill*         0x000803c6        0x2 
 .text.startup._GLOBAL__sub_I_rtcSAM3X8
                0x000803c8        0xc .\sloeber.ino.cpp.o
 .text.setup    0x000803d4       0x98 .\sloeber.ino.cpp.o
                0x000803d4                setup
 .text._ZL11Wire_Deinitv
                0x0008046c       0x18 .\libraries\WireSam\src\WireSam.cpp.o
 .text._ZL9Wire_Initv
                0x00080484       0x54 .\libraries\WireSam\src\WireSam.cpp.o
 .text._ZL10Wire1_Initv
                0x000804d8       0x54 .\libraries\WireSam\src\WireSam.cpp.o
 .text._ZL12Wire1_Deinitv
                0x0008052c       0x18 .\libraries\WireSam\src\WireSam.cpp.o
 .text._ZN7TwoWireC2EP3TwiPFvvES3_
                0x00080544       0x38 .\libraries\WireSam\src\WireSam.cpp.o
                0x00080544                TwoWire::TwoWire(Twi*, void (*)(), void (*)())
                0x00080544                TwoWire::TwoWire(Twi*, void (*)(), void (*)())
 .text._ZN7TwoWire17requestFrom_startEv
                0x0008057c       0x2a .\libraries\WireSam\src\WireSam.cpp.o
                0x0008057c                TwoWire::requestFrom_start()
 .text._ZN7TwoWire9onServiceEv
                0x000805a6      0x180 .\libraries\WireSam\src\WireSam.cpp.o
                0x000805a6                TwoWire::onService()
 *fill*         0x00080726        0x2 
 .text.TWI1_Handler
                0x00080728        0xc .\libraries\WireSam\src\WireSam.cpp.o
                0x00080728                TWI1_Handler
 .text.TWI0_Handler
                0x00080734        0xc .\libraries\WireSam\src\WireSam.cpp.o
                0x00080734                TWI0_Handler
 .text.startup._GLOBAL__sub_I__ZN7TwoWireC2EP3TwiPFvvES3_
                0x00080740       0x40 .\libraries\WireSam\src\WireSam.cpp.o
 .text.vListInsertEnd
                0x00080780       0x18 .\libraries\FreeRTOS_ARM\src\utility\list.c.o
                0x00080780                vListInsertEnd
 .text.uxListRemove
                0x00080798       0x20 .\libraries\FreeRTOS_ARM\src\utility\list.c.o
                0x00080798                uxListRemove
 .text.svcHook  0x000807b8       0x28 .\libraries\FreeRTOS_ARM\src\utility\port.c.o
                0x000807b8                svcHook
 .text.ulPortSetInterruptMask
                0x000807e0       0x10 .\libraries\FreeRTOS_ARM\src\utility\port.c.o
                0x000807e0                ulPortSetInterruptMask
 .text.vPortClearInterruptMask
                0x000807f0        0x6 .\libraries\FreeRTOS_ARM\src\utility\port.c.o
                0x000807f0                vPortClearInterruptMask
 *fill*         0x000807f6        0x2 
 .text.pendSVHook
                0x000807f8       0x48 .\libraries\FreeRTOS_ARM\src\utility\port.c.o
                0x000807f8                pendSVHook
 .text.xPortSysTickHandler
                0x00080840       0x24 .\libraries\FreeRTOS_ARM\src\utility\port.c.o
                0x00080840                xPortSysTickHandler
 .text.sysTickHook
                0x00080864       0x14 .\libraries\FreeRTOS_ARM\src\utility\port.c.o
                0x00080864                sysTickHook
 .text.prvResetNextTaskUnblockTime
                0x00080878       0x24 .\libraries\FreeRTOS_ARM\src\utility\tasks.c.o
 .text.xTaskIncrementTick
                0x0008089c      0x114 .\libraries\FreeRTOS_ARM\src\utility\tasks.c.o
                0x0008089c                xTaskIncrementTick
 .text.vTaskSwitchContext
                0x000809b0       0xe8 .\libraries\FreeRTOS_ARM\src\utility\tasks.c.o
                0x000809b0                vTaskSwitchContext
 .text.errorBlink
                0x00080a98       0x58 .\libraries\FreeRTOS_ARM\src\FreeRTOS_ARM.c.o
 .text.assertBlink
                0x00080af0        0x8 .\libraries\FreeRTOS_ARM\src\FreeRTOS_ARM.c.o
                0x00080af0                assertBlink
 .text.vApplicationStackOverflowHook
                0x00080af8       0x1c .\libraries\FreeRTOS_ARM\src\FreeRTOS_ARM.c.o
                0x00080af8                vApplicationStackOverflowHook
 .text.HardFault_Handler
                0x00080b14        0x8 .\libraries\FreeRTOS_ARM\src\FreeRTOS_ARM.c.o
                0x00080b14                HardFault_Handler
 .text.BusFault_Handler
                0x00080b1c        0x8 .\libraries\FreeRTOS_ARM\src\FreeRTOS_ARM.c.o
                0x00080b1c                BusFault_Handler
 .text.UsageFault_Handler
                0x00080b24        0x8 .\libraries\FreeRTOS_ARM\src\FreeRTOS_ARM.c.o
                0x00080b24                UsageFault_Handler
 .text.crash_data_Handler
                0x00080b2c        0x8 .\libraries\FreeRTOS_ARM\src\FreeRTOS_ARM.c.o
                0x00080b2c                crash_data_Handler
 .text.vApplicationTickHook
                0x00080b34        0x2 .\libraries\FreeRTOS_ARM\src\FreeRTOS_ARM.c.o
                0x00080b34                vApplicationTickHook
 .text._ZN9RTC_clockC2Ei
                0x00080b36       0x18 .\libraries\Arduino-Due-RTC-Library\src\rtc_clock.cpp.o
                0x00080b36                RTC_clock::RTC_clock(int)
                0x00080b36                RTC_clock::RTC_clock(int)
 *fill*         0x00080b4e        0x2 
 .text._ZN9RTC_clock4initEv
                0x00080b50       0x2c .\libraries\Arduino-Due-RTC-Library\src\rtc_clock.cpp.o
                0x00080b50                RTC_clock::init()
 .text._ZN9RTC_clock8set_timeEiii
                0x00080b7c       0x14 .\libraries\Arduino-Due-RTC-Library\src\rtc_clock.cpp.o
                0x00080b7c                RTC_clock::set_time(int, int, int)
 .text._ZN9RTC_clock12current_timeEv
                0x00080b90       0x18 .\libraries\Arduino-Due-RTC-Library\src\rtc_clock.cpp.o
                0x00080b90                RTC_clock::current_time()
 .text._ZN9RTC_clock9get_hoursEv
                0x00080ba8       0x1a .\libraries\Arduino-Due-RTC-Library\src\rtc_clock.cpp.o
                0x00080ba8                RTC_clock::get_hours()
 .text._ZN9RTC_clock11get_minutesEv
                0x00080bc2       0x1a .\libraries\Arduino-Due-RTC-Library\src\rtc_clock.cpp.o
                0x00080bc2                RTC_clock::get_minutes()
 .text._ZN9RTC_clock11get_secondsEv
                0x00080bdc       0x1a .\libraries\Arduino-Due-RTC-Library\src\rtc_clock.cpp.o
                0x00080bdc                RTC_clock::get_seconds()
 *fill*         0x00080bf6        0x2 
 .text.RTC_Handler
                0x00080bf8       0x38 .\libraries\Arduino-Due-RTC-Library\src\rtc_clock.cpp.o
                0x00080bf8                RTC_Handler
 .text.PIO_PullUp
                0x00080c30        0xa C:\Users\kulakov\AppData\Local\Arduino15\packages\arduino\hardware\sam\1.6.11\variants\arduino_due_x/libsam_sam3x8e_gcc_rel.a(pio.o)
                0x00080c30                PIO_PullUp
 .text.PIO_SetPeripheral
                0x00080c3a       0x26 C:\Users\kulakov\AppData\Local\Arduino15\packages\arduino\hardware\sam\1.6.11\variants\arduino_due_x/libsam_sam3x8e_gcc_rel.a(pio.o)
                0x00080c3a                PIO_SetPeripheral
 .text.PIO_SetInput
                0x00080c60       0x26 C:\Users\kulakov\AppData\Local\Arduino15\packages\arduino\hardware\sam\1.6.11\variants\arduino_due_x/libsam_sam3x8e_gcc_rel.a(pio.o)
                0x00080c60                PIO_SetInput
 .text.PIO_SetOutput
                0x00080c86       0x24 C:\Users\kulakov\AppData\Local\Arduino15\packages\arduino\hardware\sam\1.6.11\variants\arduino_due_x/libsam_sam3x8e_gcc_rel.a(pio.o)
                0x00080c86                PIO_SetOutput
 *fill*         0x00080caa        0x2 
 .text.PIO_Configure
                0x00080cac       0x64 C:\Users\kulakov\AppData\Local\Arduino15\packages\arduino\hardware\sam\1.6.11\variants\arduino_due_x/libsam_sam3x8e_gcc_rel.a(pio.o)
                0x00080cac                PIO_Configure
 .text.PIO_GetOutputDataStatus
                0x00080d10       0x14 C:\Users\kulakov\AppData\Local\Arduino15\packages\arduino\hardware\sam\1.6.11\variants\arduino_due_x/libsam_sam3x8e_gcc_rel.a(pio.o)
                0x00080d10                PIO_GetOutputDataStatus
 .text.pmc_switch_sclk_to_32kxtal
                0x00080d24       0x24 C:\Users\kulakov\AppData\Local\Arduino15\packages\arduino\hardware\sam\1.6.11\variants\arduino_due_x/libsam_sam3x8e_gcc_rel.a(pmc.o)
                0x00080d24                pmc_switch_sclk_to_32kxtal
 .text.pmc_osc_is_ready_32kxtal
                0x00080d48       0x1c C:\Users\kulakov\AppData\Local\Arduino15\packages\arduino\hardware\sam\1.6.11\variants\arduino_due_x/libsam_sam3x8e_gcc_rel.a(pmc.o)
                0x00080d48                pmc_osc_is_ready_32kxtal
 .text.pmc_enable_upll_clock
                0x00080d64       0x14 C:\Users\kulakov\AppData\Local\Arduino15\packages\arduino\hardware\sam\1.6.11\variants\arduino_due_x/libsam_sam3x8e_gcc_rel.a(pmc.o)
                0x00080d64                pmc_enable_upll_clock
 .text.pmc_enable_periph_clk
                0x00080d78       0x44 C:\Users\kulakov\AppData\Local\Arduino15\packages\arduino\hardware\sam\1.6.11\variants\arduino_due_x/libsam_sam3x8e_gcc_rel.a(pmc.o)
                0x00080d78                pmc_enable_periph_clk
 .text.pmc_disable_periph_clk
                0x00080dbc       0x40 C:\Users\kulakov\AppData\Local\Arduino15\packages\arduino\hardware\sam\1.6.11\variants\arduino_due_x/libsam_sam3x8e_gcc_rel.a(pmc.o)
                0x00080dbc                pmc_disable_periph_clk
 .text.pmc_switch_udpck_to_upllck
                0x00080dfc       0x14 C:\Users\kulakov\AppData\Local\Arduino15\packages\arduino\hardware\sam\1.6.11\variants\arduino_due_x/libsam_sam3x8e_gcc_rel.a(pmc.o)
                0x00080dfc                pmc_switch_udpck_to_upllck
 .text.pmc_enable_udpck
                0x00080e10        0xc C:\Users\kulakov\AppData\Local\Arduino15\packages\arduino\hardware\sam\1.6.11\variants\arduino_due_x/libsam_sam3x8e_gcc_rel.a(pmc.o)
                0x00080e10                pmc_enable_udpck
 .text.RTC_SetHourMode
                0x00080e1c       0x28 C:\Users\kulakov\AppData\Local\Arduino15\packages\arduino\hardware\sam\1.6.11\variants\arduino_due_x/libsam_sam3x8e_gcc_rel.a(rtc.o)
                0x00080e1c                RTC_SetHourMode
 .text.RTC_EnableIt
                0x00080e44       0x28 C:\Users\kulakov\AppData\Local\Arduino15\packages\arduino\hardware\sam\1.6.11\variants\arduino_due_x/libsam_sam3x8e_gcc_rel.a(rtc.o)
                0x00080e44                RTC_EnableIt
 .text.RTC_DisableIt
                0x00080e6c       0x28 C:\Users\kulakov\AppData\Local\Arduino15\packages\arduino\hardware\sam\1.6.11\variants\arduino_due_x/libsam_sam3x8e_gcc_rel.a(rtc.o)
                0x00080e6c                RTC_DisableIt
 .text.RTC_SetTime
                0x00080e94       0x84 C:\Users\kulakov\AppData\Local\Arduino15\packages\arduino\hardware\sam\1.6.11\variants\arduino_due_x/libsam_sam3x8e_gcc_rel.a(rtc.o)
                0x00080e94                RTC_SetTime
 .text.RTC_ClearSCCR
                0x00080f18        0x8 C:\Users\kulakov\AppData\Local\Arduino15\packages\arduino\hardware\sam\1.6.11\variants\arduino_due_x/libsam_sam3x8e_gcc_rel.a(rtc.o)
                0x00080f18                RTC_ClearSCCR
 .text.TWI_Stop
                0x00080f20       0x28 C:\Users\kulakov\AppData\Local\Arduino15\packages\arduino\hardware\sam\1.6.11\variants\arduino_due_x/libsam_sam3x8e_gcc_rel.a(twi.o)
                0x00080f20                TWI_Stop
 .text.TWI_StartRead
                0x00080f48       0x70 C:\Users\kulakov\AppData\Local\Arduino15\packages\arduino\hardware\sam\1.6.11\variants\arduino_due_x/libsam_sam3x8e_gcc_rel.a(twi.o)
                0x00080f48                TWI_StartRead
 .text.TWI_ReadByte
                0x00080fb8       0x28 C:\Users\kulakov\AppData\Local\Arduino15\packages\arduino\hardware\sam\1.6.11\variants\arduino_due_x/libsam_sam3x8e_gcc_rel.a(twi.o)
                0x00080fb8                TWI_ReadByte
 .text.TWI_WriteByte
                0x00080fe0       0x24 C:\Users\kulakov\AppData\Local\Arduino15\packages\arduino\hardware\sam\1.6.11\variants\arduino_due_x/libsam_sam3x8e_gcc_rel.a(twi.o)
                0x00080fe0                TWI_WriteByte
 .text.TWI_EnableIt
                0x00081004       0x40 C:\Users\kulakov\AppData\Local\Arduino15\packages\arduino\hardware\sam\1.6.11\variants\arduino_due_x/libsam_sam3x8e_gcc_rel.a(twi.o)
                0x00081004                TWI_EnableIt
 .text.TWI_DisableIt
                0x00081044       0x40 C:\Users\kulakov\AppData\Local\Arduino15\packages\arduino\hardware\sam\1.6.11\variants\arduino_due_x/libsam_sam3x8e_gcc_rel.a(twi.o)
                0x00081044                TWI_DisableIt
 .text.TWI_GetStatus
                0x00081084       0x28 C:\Users\kulakov\AppData\Local\Arduino15\packages\arduino\hardware\sam\1.6.11\variants\arduino_due_x/libsam_sam3x8e_gcc_rel.a(twi.o)
                0x00081084                TWI_GetStatus
 .text.TWI_SendSTOPCondition
                0x000810ac       0x2c C:\Users\kulakov\AppData\Local\Arduino15\packages\arduino\hardware\sam\1.6.11\variants\arduino_due_x/libsam_sam3x8e_gcc_rel.a(twi.o)
                0x000810ac                TWI_SendSTOPCondition
 .text.Reset_Handler
                0x000810d8       0x78 C:\Users\kulakov\AppData\Local\Arduino15\packages\arduino\hardware\sam\1.6.11\variants\arduino_due_x/libsam_sam3x8e_gcc_rel.a(startup_sam3xa.o)
                0x000810d8                Reset_Handler
 .text.UOTGHS_Handler
                0x00081150       0x10 C:\Users\kulakov\AppData\Local\Arduino15\packages\arduino\hardware\sam\1.6.11\variants\arduino_due_x/libsam_sam3x8e_gcc_rel.a(uotghs.o)
                0x00081150                UOTGHS_Handler
 .text.rstc_get_reset_cause
                0x00081160        0x8 C:\Users\kulakov\AppData\Local\Arduino15\packages\arduino\hardware\sam\1.6.11\variants\arduino_due_x/libsam_sam3x8e_gcc_rel.a(rstc.o)
                0x00081160                rstc_get_reset_cause
 .text._Z11serialEventv
                0x00081168        0x2 G:/Electric/HeatPump/Control/Test/Release/arduino.ar(variant.cpp.o)
                0x00081168                serialEvent()
 *fill*         0x0008116a        0x2 
 .text.UART_Handler
                0x0008116c        0xc G:/Electric/HeatPump/Control/Test/Release/arduino.ar(variant.cpp.o)
                0x0008116c                UART_Handler
 .text._Z12serialEvent1v
                0x00081178        0x2 G:/Electric/HeatPump/Control/Test/Release/arduino.ar(variant.cpp.o)
                0x00081178                serialEvent1()
 .text._Z12serialEvent2v
                0x0008117a        0x2 G:/Electric/HeatPump/Control/Test/Release/arduino.ar(variant.cpp.o)
                0x0008117a                serialEvent2()
 .text._Z12serialEvent3v
                0x0008117c        0x2 G:/Electric/HeatPump/Control/Test/Release/arduino.ar(variant.cpp.o)
                0x0008117c                serialEvent3()
 *fill*         0x0008117e        0x2 
 .text.USART0_Handler
                0x00081180        0xc G:/Electric/HeatPump/Control/Test/Release/arduino.ar(variant.cpp.o)
                0x00081180                USART0_Handler
 .text.USART1_Handler
                0x0008118c        0xc G:/Electric/HeatPump/Control/Test/Release/arduino.ar(variant.cpp.o)
                0x0008118c                USART1_Handler
 .text.USART3_Handler
                0x00081198        0xc G:/Electric/HeatPump/Control/Test/Release/arduino.ar(variant.cpp.o)
                0x00081198                USART3_Handler
 .text.init     0x000811a4      0x10c G:/Electric/HeatPump/Control/Test/Release/arduino.ar(variant.cpp.o)
                0x000811a4                init
 .text.startup._GLOBAL__sub_I_g_APinDescription
                0x000812b0       0xd4 G:/Electric/HeatPump/Control/Test/Release/arduino.ar(variant.cpp.o)
 .text._Z14serialEventRunv
                0x00081384       0x44 G:/Electric/HeatPump/Control/Test/Release/arduino.ar(variant.cpp.o)
                0x00081384                serialEventRun()
 .text._ZN5Print5writeEPKhj
                0x000813c8       0x22 G:/Electric/HeatPump/Control/Test/Release/arduino.ar(Print.cpp.o)
                0x000813c8                Print::write(unsigned char const*, unsigned int)
 .text._ZN5Print5writeEPKc
                0x000813ea       0x1e G:/Electric/HeatPump/Control/Test/Release/arduino.ar(Print.cpp.o)
                0x000813ea                Print::write(char const*)
 .text._ZN5Print5printEPKc
                0x00081408        0x8 G:/Electric/HeatPump/Control/Test/Release/arduino.ar(Print.cpp.o)
                0x00081408                Print::print(char const*)
 .text._ZN5Print7printlnEv
                0x00081410       0x10 G:/Electric/HeatPump/Control/Test/Release/arduino.ar(Print.cpp.o)
                0x00081410                Print::println()
 .text._ZN5Print7printlnEPKc
                0x00081420       0x14 G:/Electric/HeatPump/Control/Test/Release/arduino.ar(Print.cpp.o)
                0x00081420                Print::println(char const*)
 .text._ZN10RingBufferC2Ev
                0x00081434       0x1a G:/Electric/HeatPump/Control/Test/Release/arduino.ar(RingBuffer.cpp.o)
                0x00081434                RingBuffer::RingBuffer()
                0x00081434                RingBuffer::RingBuffer()
 .text._ZN10RingBuffer10store_charEh
                0x0008144e       0x1e G:/Electric/HeatPump/Control/Test/Release/arduino.ar(RingBuffer.cpp.o)
                0x0008144e                RingBuffer::store_char(unsigned char)
 .text._ZN9UARTClasscvbEv
                0x0008146c        0x4 G:/Electric/HeatPump/Control/Test/Release/arduino.ar(UARTClass.cpp.o)
                0x0008146c                UARTClass::operator bool()
 .text._ZN9UARTClass9availableEv
                0x00081470       0x12 G:/Electric/HeatPump/Control/Test/Release/arduino.ar(UARTClass.cpp.o)
                0x00081470                UARTClass::available()
 .text._ZN9UARTClass4peekEv
                0x00081482       0x1c G:/Electric/HeatPump/Control/Test/Release/arduino.ar(UARTClass.cpp.o)
                0x00081482                UARTClass::peek()
 .text._ZN9UARTClass4readEv
                0x0008149e       0x2a G:/Electric/HeatPump/Control/Test/Release/arduino.ar(UARTClass.cpp.o)
                0x0008149e                UARTClass::read()
 .text._ZN9UARTClass5flushEv
                0x000814c8       0x18 G:/Electric/HeatPump/Control/Test/Release/arduino.ar(UARTClass.cpp.o)
                0x000814c8                UARTClass::flush()
 .text._ZN9UARTClass5writeEh
                0x000814e0       0x54 G:/Electric/HeatPump/Control/Test/Release/arduino.ar(UARTClass.cpp.o)
                0x000814e0                UARTClass::write(unsigned char)
 .text._ZN9UARTClass3endEv
                0x00081534       0x3c G:/Electric/HeatPump/Control/Test/Release/arduino.ar(UARTClass.cpp.o)
                0x00081534                UARTClass::end()
 .text._ZN9UARTClassC2EP4Uart4IRQnmP10RingBufferS4_
                0x00081570       0x24 G:/Electric/HeatPump/Control/Test/Release/arduino.ar(UARTClass.cpp.o)
                0x00081570                UARTClass::UARTClass(Uart*, IRQn, unsigned long, RingBuffer*, RingBuffer*)
                0x00081570                UARTClass::UARTClass(Uart*, IRQn, unsigned long, RingBuffer*, RingBuffer*)
 .text._ZN9UARTClass4initEmm
                0x00081594       0x70 G:/Electric/HeatPump/Control/Test/Release/arduino.ar(UARTClass.cpp.o)
                0x00081594                UARTClass::init(unsigned long, unsigned long)
 .text._ZN9UARTClass5beginEm
                0x00081604        0x8 G:/Electric/HeatPump/Control/Test/Release/arduino.ar(UARTClass.cpp.o)
                0x00081604                UARTClass::begin(unsigned long)
 .text._ZN9UARTClass10IrqHandlerEv
                0x0008160c       0x5a G:/Electric/HeatPump/Control/Test/Release/arduino.ar(UARTClass.cpp.o)
                0x0008160c                UARTClass::IrqHandler()
 .text._ZN10USARTClass5beginEm
                0x00081666        0x8 G:/Electric/HeatPump/Control/Test/Release/arduino.ar(USARTClass.cpp.o)
                0x00081666                USARTClass::begin(unsigned long)
 *fill*         0x0008166e        0x2 
 .text._ZN10USARTClassC2EP5Usart4IRQnmP10RingBufferS4_
                0x00081670       0x24 G:/Electric/HeatPump/Control/Test/Release/arduino.ar(USARTClass.cpp.o)
                0x00081670                USARTClass::USARTClass(Usart*, IRQn, unsigned long, RingBuffer*, RingBuffer*)
                0x00081670                USARTClass::USARTClass(Usart*, IRQn, unsigned long, RingBuffer*, RingBuffer*)
 .text.PIOA_Handler
                0x00081694       0x38 G:/Electric/HeatPump/Control/Test/Release/arduino.ar(WInterrupts.c.o)
                0x00081694                PIOA_Handler
 .text.PIOB_Handler
                0x000816cc       0x38 G:/Electric/HeatPump/Control/Test/Release/arduino.ar(WInterrupts.c.o)
                0x000816cc                PIOB_Handler
 .text.PIOC_Handler
                0x00081704       0x38 G:/Electric/HeatPump/Control/Test/Release/arduino.ar(WInterrupts.c.o)
                0x00081704                PIOC_Handler
 .text.PIOD_Handler
                0x0008173c       0x38 G:/Electric/HeatPump/Control/Test/Release/arduino.ar(WInterrupts.c.o)
                0x0008173c                PIOD_Handler
 .text.__halt   0x00081774        0x2 G:/Electric/HeatPump/Control/Test/Release/arduino.ar(cortex_handlers.c.o)
                0x00081774                DACC_Handler
                0x00081774                DebugMon_Handler
                0x00081774                DMAC_Handler
                0x00081774                TRNG_Handler
                0x00081774                TC2_Handler
                0x00081774                NMI_Handler
                0x00081774                TC7_Handler
                0x00081774                ADC_Handler
                0x00081774                SMC_Handler
                0x00081774                RTT_Handler
                0x00081774                EFC1_Handler
                0x00081774                TC6_Handler
                0x00081774                WDT_Handler
                0x00081774                CAN0_Handler
                0x00081774                TC4_Handler
                0x00081774                TC1_Handler
                0x00081774                HSMCI_Handler
                0x00081774                TC3_Handler
                0x00081774                SSC_Handler
                0x00081774                EFC0_Handler
                0x00081774                PMC_Handler
                0x00081774                PWM_Handler
                0x00081774                CAN1_Handler
                0x00081774                MemManage_Handler
                0x00081774                SUPC_Handler
                0x00081774                TC8_Handler
                0x00081774                USART2_Handler
                0x00081774                EMAC_Handler
                0x00081774                RSTC_Handler
                0x00081774                TC0_Handler
                0x00081774                TC5_Handler
                0x00081774                SPI0_Handler
 .text.SVC_Handler
                0x00081776        0x4 G:/Electric/HeatPump/Control/Test/Release/arduino.ar(cortex_handlers.c.o)
                0x00081776                SVC_Handler
 .text.PendSV_Handler
                0x0008177a        0x4 G:/Electric/HeatPump/Control/Test/Release/arduino.ar(cortex_handlers.c.o)
                0x0008177a                PendSV_Handler
 .text.SysTick_Handler
                0x0008177e       0x16 G:/Electric/HeatPump/Control/Test/Release/arduino.ar(cortex_handlers.c.o)
                0x0008177e                SysTick_Handler
 .text.initVariant
                0x00081794        0x2 G:/Electric/HeatPump/Control/Test/Release/arduino.ar(main.cpp.o)
                0x00081794                initVariant
 *fill*         0x00081796        0x2 
 .text.startup.main
                0x00081798       0x38 G:/Electric/HeatPump/Control/Test/Release/arduino.ar(main.cpp.o)
                0x00081798                main
 .text._sbrk    0x000817d0       0x1c G:/Electric/HeatPump/Control/Test/Release/arduino.ar(syscalls_sam3.c.o)
                0x000817d0                _sbrk
 .text.link     0x000817ec        0x6 G:/Electric/HeatPump/Control/Test/Release/arduino.ar(syscalls_sam3.c.o)
                0x000817ec                link
 .text._close   0x000817f2        0x6 G:/Electric/HeatPump/Control/Test/Release/arduino.ar(syscalls_sam3.c.o)
                0x000817f2                _close
 .text._fstat   0x000817f8        0xa G:/Electric/HeatPump/Control/Test/Release/arduino.ar(syscalls_sam3.c.o)
                0x000817f8                _fstat
 .text._isatty  0x00081802        0x4 G:/Electric/HeatPump/Control/Test/Release/arduino.ar(syscalls_sam3.c.o)
                0x00081802                _isatty
 .text._lseek   0x00081806        0x4 G:/Electric/HeatPump/Control/Test/Release/arduino.ar(syscalls_sam3.c.o)
                0x00081806                _lseek
 .text._read    0x0008180a        0x4 G:/Electric/HeatPump/Control/Test/Release/arduino.ar(syscalls_sam3.c.o)
                0x0008180a                _read
 *fill*         0x0008180e        0x2 
 .text._write   0x00081810       0x24 G:/Electric/HeatPump/Control/Test/Release/arduino.ar(syscalls_sam3.c.o)
                0x00081810                _write
 .text._exit    0x00081834        0x2 G:/Electric/HeatPump/Control/Test/Release/arduino.ar(syscalls_sam3.c.o)
                0x00081834                _exit
 .text._kill    0x00081836        0x2 G:/Electric/HeatPump/Control/Test/Release/arduino.ar(syscalls_sam3.c.o)
                0x00081836                _kill
 .text._getpid  0x00081838        0x6 G:/Electric/HeatPump/Control/Test/Release/arduino.ar(syscalls_sam3.c.o)
                0x00081838                _getpid
 *fill*         0x0008183e        0x2 
 .text._Z14watchdogEnablem
                0x00081840       0x34 G:/Electric/HeatPump/Control/Test/Release/arduino.ar(watchdog.cpp.o)
                0x00081840                watchdogEnable(unsigned long)
 .text.delay    0x00081874       0x1c G:/Electric/HeatPump/Control/Test/Release/arduino.ar(wiring.c.o)
                0x00081874                delay
 .text.analogOutputInit
                0x00081890        0x2 G:/Electric/HeatPump/Control/Test/Release/arduino.ar(wiring_analog.c.o)
                0x00081890                analogOutputInit
 *fill*         0x00081892        0x2 
 .text.pinMode  0x00081894      0x108 G:/Electric/HeatPump/Control/Test/Release/arduino.ar(wiring_digital.c.o)
                0x00081894                pinMode
 .text.digitalWrite
                0x0008199c       0x70 G:/Electric/HeatPump/Control/Test/Release/arduino.ar(wiring_digital.c.o)
                0x0008199c                digitalWrite
 .text.unlikely._ZL11USB_SendZlpv
                0x00081a0c       0x20 G:/Electric/HeatPump/Control/Test/Release/arduino.ar(USBCore.cpp.o)
 .text._Z14USBD_Availablem
                0x00081a2c       0x2c G:/Electric/HeatPump/Control/Test/Release/arduino.ar(USBCore.cpp.o)
                0x00081a2c                USBD_Available(unsigned long)
 .text._Z9USBD_RecvmPvm
                0x00081a58       0x7c G:/Electric/HeatPump/Control/Test/Release/arduino.ar(USBCore.cpp.o)
                0x00081a58                USBD_Recv(unsigned long, void*, unsigned long)
 .text._Z9USBD_Recvm
                0x00081ad4       0x22 G:/Electric/HeatPump/Control/Test/Release/arduino.ar(USBCore.cpp.o)
                0x00081ad4                USBD_Recv(unsigned long)
 *fill*         0x00081af6        0x2 
 .text._Z9USBD_SendmPKvm
                0x00081af8       0x4c G:/Electric/HeatPump/Control/Test/Release/arduino.ar(USBCore.cpp.o)
                0x00081af8                USBD_Send(unsigned long, void const*, unsigned long)
 .text._Z16USBD_SendControlhPKvm
                0x00081b44       0x40 G:/Electric/HeatPump/Control/Test/Release/arduino.ar(USBCore.cpp.o)
                0x00081b44                USBD_SendControl(unsigned char, void const*, unsigned long)
 .text.unlikely._ZL24USB_SendStringDescriptorPKhi
                0x00081b84       0x64 G:/Electric/HeatPump/Control/Test/Release/arduino.ar(USBCore.cpp.o)
 .text._Z16USBD_RecvControlPvm
                0x00081be8       0x1c G:/Electric/HeatPump/Control/Test/Release/arduino.ar(USBCore.cpp.o)
                0x00081be8                USBD_RecvControl(void*, unsigned long)
 .text._Z26USBD_ClassInterfaceRequestR8USBSetup
                0x00081c04       0x1e G:/Electric/HeatPump/Control/Test/Release/arduino.ar(USBCore.cpp.o)
                0x00081c04                USBD_ClassInterfaceRequest(USBSetup&)
 .text._Z19USBD_SendInterfacesv
                0x00081c22       0x22 G:/Electric/HeatPump/Control/Test/Release/arduino.ar(USBCore.cpp.o)
                0x00081c22                USBD_SendInterfaces()
 .text._Z24USBD_SendOtherInterfacesv
                0x00081c44       0x22 G:/Electric/HeatPump/Control/Test/Release/arduino.ar(USBCore.cpp.o)
                0x00081c44                USBD_SendOtherInterfaces()
 .text._Z10USBD_Flushm
                0x00081c66       0x16 G:/Electric/HeatPump/Control/Test/Release/arduino.ar(USBCore.cpp.o)
                0x00081c66                USBD_Flush(unsigned long)
 .text._ZN10USBDevice_C2Ev
                0x00081c7c       0x24 G:/Electric/HeatPump/Control/Test/Release/arduino.ar(USBCore.cpp.o)
                0x00081c7c                USBDevice_::USBDevice_()
                0x00081c7c                USBDevice_::USBDevice_()
 .text._ZN10USBDevice_6attachEv
                0x00081ca0       0x20 G:/Electric/HeatPump/Control/Test/Release/arduino.ar(USBCore.cpp.o)
                0x00081ca0                USBDevice_::attach()
 .text.startup._GLOBAL__sub_I_EndPoints
                0x00081cc0        0xc G:/Electric/HeatPump/Control/Test/Release/arduino.ar(USBCore.cpp.o)
 .text._ZL7USB_ISRv
                0x00081ccc      0x454 G:/Electric/HeatPump/Control/Test/Release/arduino.ar(USBCore.cpp.o)
 .text.initiateReset
                0x00082120        0xc G:/Electric/HeatPump/Control/Test/Release/arduino.ar(Reset.cpp.o)
                0x00082120                initiateReset
 .text.cancelReset
                0x0008212c       0x10 G:/Electric/HeatPump/Control/Test/Release/arduino.ar(Reset.cpp.o)
                0x0008212c                cancelReset
 .text.tickReset
                0x0008213c       0x20 G:/Electric/HeatPump/Control/Test/Release/arduino.ar(Reset.cpp.o)
                0x0008213c                tickReset
 .text.__empty  0x0008215c        0x2 G:/Electric/HeatPump/Control/Test/Release/arduino.ar(hooks.c.o)
                0x0008215c                yield
 *fill*         0x0008215e        0x2 
 .text._ZN7Serial_9availableEv
                0x00082160       0x18 G:/Electric/HeatPump/Control/Test/Release/arduino.ar(CDC.cpp.o)
                0x00082160                Serial_::available()
 .text._ZN7Serial_17availableForWriteEv
                0x00082178        0x6 G:/Electric/HeatPump/Control/Test/Release/arduino.ar(CDC.cpp.o)
                0x00082178                Serial_::availableForWrite()
 *fill*         0x0008217e        0x2 
 .text._ZN7Serial_4peekEv
                0x00082180       0x20 G:/Electric/HeatPump/Control/Test/Release/arduino.ar(CDC.cpp.o)
                0x00082180                Serial_::peek()
 .text._ZN7Serial_5writeEh
                0x000821a0       0x16 G:/Electric/HeatPump/Control/Test/Release/arduino.ar(CDC.cpp.o)
                0x000821a0                Serial_::write(unsigned char)
 *fill*         0x000821b6        0x2 
 .text._ZN7Serial_4readEv
                0x000821b8       0x44 G:/Electric/HeatPump/Control/Test/Release/arduino.ar(CDC.cpp.o)
                0x000821b8                Serial_::read()
 .text._ZN7Serial_5flushEv
                0x000821fc        0x6 G:/Electric/HeatPump/Control/Test/Release/arduino.ar(CDC.cpp.o)
                0x000821fc                Serial_::flush()
 *fill*         0x00082202        0x2 
 .text._ZN7Serial_6acceptEv
                0x00082204       0x70 G:/Electric/HeatPump/Control/Test/Release/arduino.ar(CDC.cpp.o)
                0x00082204                Serial_::accept()
 .text._ZN7Serial_5writeEPKhj
                0x00082274       0x2c G:/Electric/HeatPump/Control/Test/Release/arduino.ar(CDC.cpp.o)
                0x00082274                Serial_::write(unsigned char const*, unsigned int)
 .text._Z16CDC_GetInterfacePh
                0x000822a0       0x14 G:/Electric/HeatPump/Control/Test/Release/arduino.ar(CDC.cpp.o)
                0x000822a0                CDC_GetInterface(unsigned char*)
 .text._Z21CDC_GetOtherInterfacePh
                0x000822b4       0x14 G:/Electric/HeatPump/Control/Test/Release/arduino.ar(CDC.cpp.o)
                0x000822b4                CDC_GetOtherInterface(unsigned char*)
 .text._Z9CDC_SetupR8USBSetup
                0x000822c8       0x78 G:/Electric/HeatPump/Control/Test/Release/arduino.ar(CDC.cpp.o)
                0x000822c8                CDC_Setup(USBSetup&)
 .text.startup._GLOBAL__sub_I_cdc_rx_buffer
                0x00082340       0x1c G:/Electric/HeatPump/Control/Test/Release/arduino.ar(CDC.cpp.o)
 .text._ZN13PluggableUSB_12getInterfaceEPh
                0x0008235c       0x28 G:/Electric/HeatPump/Control/Test/Release/arduino.ar(PluggableUSB.cpp.o)
                0x0008235c                PluggableUSB_::getInterface(unsigned char*)
 .text._ZN13PluggableUSB_13getDescriptorER8USBSetup
                0x00082384       0x1c G:/Electric/HeatPump/Control/Test/Release/arduino.ar(PluggableUSB.cpp.o)
                0x00082384                PluggableUSB_::getDescriptor(USBSetup&)
 .text._ZN13PluggableUSB_12getShortNameEPc
                0x000823a0       0x1c G:/Electric/HeatPump/Control/Test/Release/arduino.ar(PluggableUSB.cpp.o)
                0x000823a0                PluggableUSB_::getShortName(char*)
 .text._ZN13PluggableUSB_5setupER8USBSetup
                0x000823bc       0x20 G:/Electric/HeatPump/Control/Test/Release/arduino.ar(PluggableUSB.cpp.o)
                0x000823bc                PluggableUSB_::setup(USBSetup&)
 .text._Z12PluggableUSBv
                0x000823dc       0x28 G:/Electric/HeatPump/Control/Test/Release/arduino.ar(PluggableUSB.cpp.o)
                0x000823dc                PluggableUSB()
 .text.TimeTick_Increment
                0x00082404       0x10 C:\Users\kulakov\AppData\Local\Arduino15\packages\arduino\hardware\sam\1.6.11\variants\arduino_due_x/libsam_sam3x8e_gcc_rel.a(timetick.o)
                0x00082404                TimeTick_Increment
 .text.GetTickCount
                0x00082414        0xc C:\Users\kulakov\AppData\Local\Arduino15\packages\arduino\hardware\sam\1.6.11\variants\arduino_due_x/libsam_sam3x8e_gcc_rel.a(timetick.o)
                0x00082414                GetTickCount
 .text.WDT_Enable
                0x00082420        0x4 C:\Users\kulakov\AppData\Local\Arduino15\packages\arduino\hardware\sam\1.6.11\variants\arduino_due_x/libsam_sam3x8e_gcc_rel.a(wdt.o)
                0x00082420                WDT_Enable
 .text.SystemInit
                0x00082424       0x88 C:\Users\kulakov\AppData\Local\Arduino15\packages\arduino\hardware\sam\1.6.11\variants\arduino_due_x/libsam_sam3x8e_gcc_rel.a(system_sam3xa.o)
                0x00082424                SystemInit
 .text.adc_init
                0x000824ac       0x98 C:\Users\kulakov\AppData\Local\Arduino15\packages\arduino\hardware\sam\1.6.11\variants\arduino_due_x/libsam_sam3x8e_gcc_rel.a(adc.o)
                0x000824ac                adc_init
 .text.adc_configure_trigger
                0x00082544        0xe C:\Users\kulakov\AppData\Local\Arduino15\packages\arduino\hardware\sam\1.6.11\variants\arduino_due_x/libsam_sam3x8e_gcc_rel.a(adc.o)
                0x00082544                adc_configure_trigger
 .text.adc_configure_timing
                0x00082552       0x1a C:\Users\kulakov\AppData\Local\Arduino15\packages\arduino\hardware\sam\1.6.11\variants\arduino_due_x/libsam_sam3x8e_gcc_rel.a(adc.o)
                0x00082552                adc_configure_timing
 .text.adc_disable_channel
                0x0008256c        0xa C:\Users\kulakov\AppData\Local\Arduino15\packages\arduino\hardware\sam\1.6.11\variants\arduino_due_x/libsam_sam3x8e_gcc_rel.a(adc.o)
                0x0008256c                adc_disable_channel
 .text.adc_disable_all_channel
                0x00082576        0x8 C:\Users\kulakov\AppData\Local\Arduino15\packages\arduino\hardware\sam\1.6.11\variants\arduino_due_x/libsam_sam3x8e_gcc_rel.a(adc.o)
                0x00082576                adc_disable_all_channel
 .text.adc_disable_interrupt
                0x0008257e        0x4 C:\Users\kulakov\AppData\Local\Arduino15\packages\arduino\hardware\sam\1.6.11\variants\arduino_due_x/libsam_sam3x8e_gcc_rel.a(adc.o)
                0x0008257e                adc_disable_interrupt
 *fill*         0x00082582        0x2 
 .text.UDD_SetStack
                0x00082584        0xc C:\Users\kulakov\AppData\Local\Arduino15\packages\arduino\hardware\sam\1.6.11\variants\arduino_due_x/libsam_sam3x8e_gcc_rel.a(uotghs_device.o)
                0x00082584                UDD_SetStack
 .text.UDD_Init
                0x00082590       0xd0 C:\Users\kulakov\AppData\Local\Arduino15\packages\arduino\hardware\sam\1.6.11\variants\arduino_due_x/libsam_sam3x8e_gcc_rel.a(uotghs_device.o)
                0x00082590                UDD_Init
 .text.UDD_Attach
                0x00082660       0x50 C:\Users\kulakov\AppData\Local\Arduino15\packages\arduino\hardware\sam\1.6.11\variants\arduino_due_x/libsam_sam3x8e_gcc_rel.a(uotghs_device.o)
                0x00082660                UDD_Attach
 .text.UDD_InitEP
                0x000826b0       0x2c C:\Users\kulakov\AppData\Local\Arduino15\packages\arduino\hardware\sam\1.6.11\variants\arduino_due_x/libsam_sam3x8e_gcc_rel.a(uotghs_device.o)
                0x000826b0                UDD_InitEP
 .text.UDD_InitEndpoints
                0x000826dc       0x3c C:\Users\kulakov\AppData\Local\Arduino15\packages\arduino\hardware\sam\1.6.11\variants\arduino_due_x/libsam_sam3x8e_gcc_rel.a(uotghs_device.o)
                0x000826dc                UDD_InitEndpoints
 .text.UDD_WaitIN
                0x00082718       0x10 C:\Users\kulakov\AppData\Local\Arduino15\packages\arduino\hardware\sam\1.6.11\variants\arduino_due_x/libsam_sam3x8e_gcc_rel.a(uotghs_device.o)
                0x00082718                UDD_WaitIN
 .text.UDD_WaitOUT
                0x00082728       0x10 C:\Users\kulakov\AppData\Local\Arduino15\packages\arduino\hardware\sam\1.6.11\variants\arduino_due_x/libsam_sam3x8e_gcc_rel.a(uotghs_device.o)
                0x00082728                UDD_WaitOUT
 .text.UDD_ClearIN
                0x00082738       0x18 C:\Users\kulakov\AppData\Local\Arduino15\packages\arduino\hardware\sam\1.6.11\variants\arduino_due_x/libsam_sam3x8e_gcc_rel.a(uotghs_device.o)
                0x00082738                UDD_ClearIN
 .text.UDD_ClearOUT
                0x00082750       0x18 C:\Users\kulakov\AppData\Local\Arduino15\packages\arduino\hardware\sam\1.6.11\variants\arduino_due_x/libsam_sam3x8e_gcc_rel.a(uotghs_device.o)
                0x00082750                UDD_ClearOUT
 .text.UDD_ReceivedSetupInt
                0x00082768       0x10 C:\Users\kulakov\AppData\Local\Arduino15\packages\arduino\hardware\sam\1.6.11\variants\arduino_due_x/libsam_sam3x8e_gcc_rel.a(uotghs_device.o)
                0x00082768                UDD_ReceivedSetupInt
 .text.UDD_ClearSetupInt
                0x00082778       0x10 C:\Users\kulakov\AppData\Local\Arduino15\packages\arduino\hardware\sam\1.6.11\variants\arduino_due_x/libsam_sam3x8e_gcc_rel.a(uotghs_device.o)
                0x00082778                UDD_ClearSetupInt
 .text.UDD_Send
                0x00082788       0x88 C:\Users\kulakov\AppData\Local\Arduino15\packages\arduino\hardware\sam\1.6.11\variants\arduino_due_x/libsam_sam3x8e_gcc_rel.a(uotghs_device.o)
                0x00082788                UDD_Send
 .text.UDD_Send8
                0x00082810       0x24 C:\Users\kulakov\AppData\Local\Arduino15\packages\arduino\hardware\sam\1.6.11\variants\arduino_due_x/libsam_sam3x8e_gcc_rel.a(uotghs_device.o)
                0x00082810                UDD_Send8
 .text.UDD_Recv8
                0x00082834       0x28 C:\Users\kulakov\AppData\Local\Arduino15\packages\arduino\hardware\sam\1.6.11\variants\arduino_due_x/libsam_sam3x8e_gcc_rel.a(uotghs_device.o)
                0x00082834                UDD_Recv8
 .text.UDD_Recv
                0x0008285c       0x34 C:\Users\kulakov\AppData\Local\Arduino15\packages\arduino\hardware\sam\1.6.11\variants\arduino_due_x/libsam_sam3x8e_gcc_rel.a(uotghs_device.o)
                0x0008285c                UDD_Recv
 .text.UDD_Stall
                0x00082890       0x14 C:\Users\kulakov\AppData\Local\Arduino15\packages\arduino\hardware\sam\1.6.11\variants\arduino_due_x/libsam_sam3x8e_gcc_rel.a(uotghs_device.o)
                0x00082890                UDD_Stall
 .text.UDD_FifoByteCount
                0x000828a4       0x14 C:\Users\kulakov\AppData\Local\Arduino15\packages\arduino\hardware\sam\1.6.11\variants\arduino_due_x/libsam_sam3x8e_gcc_rel.a(uotghs_device.o)
                0x000828a4                UDD_FifoByteCount
 .text.UDD_ReleaseRX
                0x000828b8       0x28 C:\Users\kulakov\AppData\Local\Arduino15\packages\arduino\hardware\sam\1.6.11\variants\arduino_due_x/libsam_sam3x8e_gcc_rel.a(uotghs_device.o)
                0x000828b8                UDD_ReleaseRX
 .text.UDD_ReleaseTX
                0x000828e0       0x28 C:\Users\kulakov\AppData\Local\Arduino15\packages\arduino\hardware\sam\1.6.11\variants\arduino_due_x/libsam_sam3x8e_gcc_rel.a(uotghs_device.o)
                0x000828e0                UDD_ReleaseTX
 .text.UDD_SetAddress
                0x00082908       0x20 C:\Users\kulakov\AppData\Local\Arduino15\packages\arduino\hardware\sam\1.6.11\variants\arduino_due_x/libsam_sam3x8e_gcc_rel.a(uotghs_device.o)
                0x00082908                UDD_SetAddress
 .text.__assert_func
                0x00082928       0x3c c:/eclipse/arduinoplugin/packages/arduino/tools/arm-none-eabi-gcc/4.8.3-2014q1/bin/../lib/gcc/arm-none-eabi/4.8.3/../../../../arm-none-eabi/lib/armv7-m\libg.a(lib_a-assert.o)
                0x00082928                __assert_func
 .text.fiprintf
                0x00082964       0x28 c:/eclipse/arduinoplugin/packages/arduino/tools/arm-none-eabi-gcc/4.8.3-2014q1/bin/../lib/gcc/arm-none-eabi/4.8.3/../../../../arm-none-eabi/lib/armv7-m\libg.a(lib_a-fiprintf.o)
                0x00082964                fiprintf
 .text.__libc_init_array
                0x0008298c       0x50 c:/eclipse/arduinoplugin/packages/arduino/tools/arm-none-eabi-gcc/4.8.3-2014q1/bin/../lib/gcc/arm-none-eabi/4.8.3/../../../../arm-none-eabi/lib/armv7-m\libg.a(lib_a-init.o)
                0x0008298c                __libc_init_array
 .text.malloc   0x000829dc       0x10 c:/eclipse/arduinoplugin/packages/arduino/tools/arm-none-eabi-gcc/4.8.3-2014q1/bin/../lib/gcc/arm-none-eabi/4.8.3/../../../../arm-none-eabi/lib/armv7-m\libg.a(lib_a-malloc.o)
                0x000829dc                malloc
 .text._malloc_r
                0x000829ec      0x538 c:/eclipse/arduinoplugin/packages/arduino/tools/arm-none-eabi-gcc/4.8.3-2014q1/bin/../lib/gcc/arm-none-eabi/4.8.3/../../../../arm-none-eabi/lib/armv7-m\libg.a(lib_a-mallocr.o)
                0x000829ec                _malloc_r
 .text          0x00082f24       0xec c:/eclipse/arduinoplugin/packages/arduino/tools/arm-none-eabi-gcc/4.8.3-2014q1/bin/../lib/gcc/arm-none-eabi/4.8.3/../../../../arm-none-eabi/lib/armv7-m\libg.a(lib_a-memcpy.o)
                0x00082f24                memcpy
 .text.memset   0x00083010       0x94 c:/eclipse/arduinoplugin/packages/arduino/tools/arm-none-eabi-gcc/4.8.3-2014q1/bin/../lib/gcc/arm-none-eabi/4.8.3/../../../../arm-none-eabi/lib/armv7-m\libg.a(lib_a-memset.o)
                0x00083010                memset
 .text.__malloc_lock
                0x000830a4        0x4 c:/eclipse/arduinoplugin/packages/arduino/tools/arm-none-eabi-gcc/4.8.3-2014q1/bin/../lib/gcc/arm-none-eabi/4.8.3/../../../../arm-none-eabi/lib/armv7-m\libg.a(lib_a-mlock.o)
                0x000830a4                __malloc_lock
 .text.__malloc_unlock
                0x000830a8        0x4 c:/eclipse/arduinoplugin/packages/arduino/tools/arm-none-eabi-gcc/4.8.3-2014q1/bin/../lib/gcc/arm-none-eabi/4.8.3/../../../../arm-none-eabi/lib/armv7-m\libg.a(lib_a-mlock.o)
                0x000830a8                __malloc_unlock
 .text._sbrk_r  0x000830ac       0x24 c:/eclipse/arduinoplugin/packages/arduino/tools/arm-none-eabi-gcc/4.8.3-2014q1/bin/../lib/gcc/arm-none-eabi/4.8.3/../../../../arm-none-eabi/lib/armv7-m\libg.a(lib_a-sbrkr.o)
                0x000830ac                _sbrk_r
 .text.strcpy   0x000830d0       0xbc c:/eclipse/arduinoplugin/packages/arduino/tools/arm-none-eabi-gcc/4.8.3-2014q1/bin/../lib/gcc/arm-none-eabi/4.8.3/../../../../arm-none-eabi/lib/armv7-m\libg.a(lib_a-strcpy.o)
                0x000830d0                strcpy
 .text.strlen   0x0008318c       0x60 c:/eclipse/arduinoplugin/packages/arduino/tools/arm-none-eabi-gcc/4.8.3-2014q1/bin/../lib/gcc/arm-none-eabi/4.8.3/../../../../arm-none-eabi/lib/armv7-m\libg.a(lib_a-strlen.o)
                0x0008318c                strlen
 .text.kill     0x000831ec       0x10 c:/eclipse/arduinoplugin/packages/arduino/tools/arm-none-eabi-gcc/4.8.3-2014q1/bin/../lib/gcc/arm-none-eabi/4.8.3/../../../../arm-none-eabi/lib/armv7-m\libg.a(lib_a-syskill.o)
                0x000831ec                kill
 .text.__sprint_r.part.0
                0x000831fc       0x78 c:/eclipse/arduinoplugin/packages/arduino/tools/arm-none-eabi-gcc/4.8.3-2014q1/bin/../lib/gcc/arm-none-eabi/4.8.3/../../../../arm-none-eabi/lib/armv7-m\libg.a(lib_a-vfiprintf.o)
 .text._vfiprintf_r
                0x00083274      0xc54 c:/eclipse/arduinoplugin/packages/arduino/tools/arm-none-eabi-gcc/4.8.3-2014q1/bin/../lib/gcc/arm-none-eabi/4.8.3/../../../../arm-none-eabi/lib/armv7-m\libg.a(lib_a-vfiprintf.o)
                0x00083274                _vfiprintf_r
 .text.__sbprintf
                0x00083ec8       0x7c c:/eclipse/arduinoplugin/packages/arduino/tools/arm-none-eabi-gcc/4.8.3-2014q1/bin/../lib/gcc/arm-none-eabi/4.8.3/../../../../arm-none-eabi/lib/armv7-m\libg.a(lib_a-vfiprintf.o)
 .text.__swsetup_r
                0x00083f44       0xc4 c:/eclipse/arduinoplugin/packages/arduino/tools/arm-none-eabi-gcc/4.8.3-2014q1/bin/../lib/gcc/arm-none-eabi/4.8.3/../../../../arm-none-eabi/lib/armv7-m\libg.a(lib_a-wsetup.o)
                0x00083f44                __swsetup_r
 .text.startup.register_fini
                0x00084008       0x14 c:/eclipse/arduinoplugin/packages/arduino/tools/arm-none-eabi-gcc/4.8.3-2014q1/bin/../lib/gcc/arm-none-eabi/4.8.3/../../../../arm-none-eabi/lib/armv7-m\libg.a(lib_a-__call_atexit.o)
 .text.abort    0x0008401c       0x10 c:/eclipse/arduinoplugin/packages/arduino/tools/arm-none-eabi-gcc/4.8.3-2014q1/bin/../lib/gcc/arm-none-eabi/4.8.3/../../../../arm-none-eabi/lib/armv7-m\libg.a(lib_a-abort.o)
                0x0008401c                abort
 .text.atexit   0x0008402c        0xc c:/eclipse/arduinoplugin/packages/arduino/tools/arm-none-eabi-gcc/4.8.3-2014q1/bin/../lib/gcc/arm-none-eabi/4.8.3/../../../../arm-none-eabi/lib/armv7-m\libg.a(lib_a-atexit.o)
                0x0008402c                atexit
 .text.__sflush_r
                0x00084038      0x148 c:/eclipse/arduinoplugin/packages/arduino/tools/arm-none-eabi-gcc/4.8.3-2014q1/bin/../lib/gcc/arm-none-eabi/4.8.3/../../../../arm-none-eabi/lib/armv7-m\libg.a(lib_a-fflush.o)
                0x00084038                __sflush_r
 .text._fflush_r
                0x00084180       0x2c c:/eclipse/arduinoplugin/packages/arduino/tools/arm-none-eabi-gcc/4.8.3-2014q1/bin/../lib/gcc/arm-none-eabi/4.8.3/../../../../arm-none-eabi/lib/armv7-m\libg.a(lib_a-fflush.o)
                0x00084180                _fflush_r
 .text._cleanup_r
                0x000841ac        0xc c:/eclipse/arduinoplugin/packages/arduino/tools/arm-none-eabi-gcc/4.8.3-2014q1/bin/../lib/gcc/arm-none-eabi/4.8.3/../../../../arm-none-eabi/lib/armv7-m\libg.a(lib_a-findfp.o)
                0x000841ac                _cleanup_r
 .text.__sinit  0x000841b8       0xf4 c:/eclipse/arduinoplugin/packages/arduino/tools/arm-none-eabi-gcc/4.8.3-2014q1/bin/../lib/gcc/arm-none-eabi/4.8.3/../../../../arm-none-eabi/lib/armv7-m\libg.a(lib_a-findfp.o)
                0x000841b8                __sinit
 .text.__sfp_lock_acquire
                0x000842ac        0x4 c:/eclipse/arduinoplugin/packages/arduino/tools/arm-none-eabi-gcc/4.8.3-2014q1/bin/../lib/gcc/arm-none-eabi/4.8.3/../../../../arm-none-eabi/lib/armv7-m\libg.a(lib_a-findfp.o)
                0x000842ac                __sfp_lock_acquire
 .text.__sfp_lock_release
                0x000842b0        0x4 c:/eclipse/arduinoplugin/packages/arduino/tools/arm-none-eabi-gcc/4.8.3-2014q1/bin/../lib/gcc/arm-none-eabi/4.8.3/../../../../arm-none-eabi/lib/armv7-m\libg.a(lib_a-findfp.o)
                0x000842b0                __sfp_lock_release
 .text.__libc_fini_array
                0x000842b4       0x30 c:/eclipse/arduinoplugin/packages/arduino/tools/arm-none-eabi-gcc/4.8.3-2014q1/bin/../lib/gcc/arm-none-eabi/4.8.3/../../../../arm-none-eabi/lib/armv7-m\libg.a(lib_a-fini.o)
                0x000842b4                __libc_fini_array
 .text._fputwc_r
                0x000842e4       0xc0 c:/eclipse/arduinoplugin/packages/arduino/tools/arm-none-eabi-gcc/4.8.3-2014q1/bin/../lib/gcc/arm-none-eabi/4.8.3/../../../../arm-none-eabi/lib/armv7-m\libg.a(lib_a-fputwc.o)
                0x000842e4                _fputwc_r
 .text._malloc_trim_r
                0x000843a4       0x9c c:/eclipse/arduinoplugin/packages/arduino/tools/arm-none-eabi-gcc/4.8.3-2014q1/bin/../lib/gcc/arm-none-eabi/4.8.3/../../../../arm-none-eabi/lib/armv7-m\libg.a(lib_a-freer.o)
                0x000843a4                _malloc_trim_r
 .text._free_r  0x00084440      0x198 c:/eclipse/arduinoplugin/packages/arduino/tools/arm-none-eabi-gcc/4.8.3-2014q1/bin/../lib/gcc/arm-none-eabi/4.8.3/../../../../arm-none-eabi/lib/armv7-m\libg.a(lib_a-freer.o)
                0x00084440                _free_r
 .text.__sfvwrite_r
                0x000845d8      0x314 c:/eclipse/arduinoplugin/packages/arduino/tools/arm-none-eabi-gcc/4.8.3-2014q1/bin/../lib/gcc/arm-none-eabi/4.8.3/../../../../arm-none-eabi/lib/armv7-m\libg.a(lib_a-fvwrite.o)
                0x000845d8                __sfvwrite_r
 .text._fwalk   0x000848ec       0x48 c:/eclipse/arduinoplugin/packages/arduino/tools/arm-none-eabi-gcc/4.8.3-2014q1/bin/../lib/gcc/arm-none-eabi/4.8.3/../../../../arm-none-eabi/lib/armv7-m\libg.a(lib_a-fwalk.o)
                0x000848ec                _fwalk
 .text.__locale_charset
                0x00084934        0x8 c:/eclipse/arduinoplugin/packages/arduino/tools/arm-none-eabi-gcc/4.8.3-2014q1/bin/../lib/gcc/arm-none-eabi/4.8.3/../../../../arm-none-eabi/lib/armv7-m\libg.a(lib_a-locale.o)
                0x00084934                __locale_charset
 .text.__locale_mb_cur_max
                0x0008493c        0xc c:/eclipse/arduinoplugin/packages/arduino/tools/arm-none-eabi-gcc/4.8.3-2014q1/bin/../lib/gcc/arm-none-eabi/4.8.3/../../../../arm-none-eabi/lib/armv7-m\libg.a(lib_a-locale.o)
                0x0008493c                __locale_mb_cur_max
 .text.__smakebuf_r
                0x00084948       0xe0 c:/eclipse/arduinoplugin/packages/arduino/tools/arm-none-eabi-gcc/4.8.3-2014q1/bin/../lib/gcc/arm-none-eabi/4.8.3/../../../../arm-none-eabi/lib/armv7-m\libg.a(lib_a-makebuf.o)
                0x00084948                __smakebuf_r
 .text.memchr   0x00084a28       0x94 c:/eclipse/arduinoplugin/packages/arduino/tools/arm-none-eabi-gcc/4.8.3-2014q1/bin/../lib/gcc/arm-none-eabi/4.8.3/../../../../arm-none-eabi/lib/armv7-m\libg.a(lib_a-memchr-stub.o)
                0x00084a28                memchr
 .text.memmove  0x00084abc       0xcc c:/eclipse/arduinoplugin/packages/arduino/tools/arm-none-eabi-gcc/4.8.3-2014q1/bin/../lib/gcc/arm-none-eabi/4.8.3/../../../../arm-none-eabi/lib/armv7-m\libg.a(lib_a-memmove.o)
                0x00084abc                memmove
 .text._realloc_r
                0x00084b88      0x3c0 c:/eclipse/arduinoplugin/packages/arduino/tools/arm-none-eabi-gcc/4.8.3-2014q1/bin/../lib/gcc/arm-none-eabi/4.8.3/../../../../arm-none-eabi/lib/armv7-m\libg.a(lib_a-reallocr.o)
                0x00084b88                _realloc_r
 .text._raise_r
                0x00084f48       0x58 c:/eclipse/arduinoplugin/packages/arduino/tools/arm-none-eabi-gcc/4.8.3-2014q1/bin/../lib/gcc/arm-none-eabi/4.8.3/../../../../arm-none-eabi/lib/armv7-m\libg.a(lib_a-signal.o)
                0x00084f48                _raise_r
 .text.raise    0x00084fa0       0x10 c:/eclipse/arduinoplugin/packages/arduino/tools/arm-none-eabi-gcc/4.8.3-2014q1/bin/../lib/gcc/arm-none-eabi/4.8.3/../../../../arm-none-eabi/lib/armv7-m\libg.a(lib_a-signal.o)
                0x00084fa0                raise
 .text._kill_r  0x00084fb0       0x28 c:/eclipse/arduinoplugin/packages/arduino/tools/arm-none-eabi-gcc/4.8.3-2014q1/bin/../lib/gcc/arm-none-eabi/4.8.3/../../../../arm-none-eabi/lib/armv7-m\libg.a(lib_a-signalr.o)
                0x00084fb0                _kill_r
 .text._getpid_r
                0x00084fd8        0x4 c:/eclipse/arduinoplugin/packages/arduino/tools/arm-none-eabi-gcc/4.8.3-2014q1/bin/../lib/gcc/arm-none-eabi/4.8.3/../../../../arm-none-eabi/lib/armv7-m\libg.a(lib_a-signalr.o)
                0x00084fd8                _getpid_r
 .text.__sread  0x00084fdc       0x24 c:/eclipse/arduinoplugin/packages/arduino/tools/arm-none-eabi-gcc/4.8.3-2014q1/bin/../lib/gcc/arm-none-eabi/4.8.3/../../../../arm-none-eabi/lib/armv7-m\libg.a(lib_a-stdio.o)
                0x00084fdc                __sread
 .text.__swrite
                0x00085000       0x38 c:/eclipse/arduinoplugin/packages/arduino/tools/arm-none-eabi-gcc/4.8.3-2014q1/bin/../lib/gcc/arm-none-eabi/4.8.3/../../../../arm-none-eabi/lib/armv7-m\libg.a(lib_a-stdio.o)
                0x00085000                __swrite
 .text.__sseek  0x00085038       0x20 c:/eclipse/arduinoplugin/packages/arduino/tools/arm-none-eabi-gcc/4.8.3-2014q1/bin/../lib/gcc/arm-none-eabi/4.8.3/../../../../arm-none-eabi/lib/armv7-m\libg.a(lib_a-stdio.o)
                0x00085038                __sseek
 .text.__sclose
                0x00085058        0x8 c:/eclipse/arduinoplugin/packages/arduino/tools/arm-none-eabi-gcc/4.8.3-2014q1/bin/../lib/gcc/arm-none-eabi/4.8.3/../../../../arm-none-eabi/lib/armv7-m\libg.a(lib_a-stdio.o)
                0x00085058                __sclose
 .text.__swbuf_r
                0x00085060       0xa8 c:/eclipse/arduinoplugin/packages/arduino/tools/arm-none-eabi-gcc/4.8.3-2014q1/bin/../lib/gcc/arm-none-eabi/4.8.3/../../../../arm-none-eabi/lib/armv7-m\libg.a(lib_a-wbuf.o)
                0x00085060                __swbuf_r
 .text._wcrtomb_r
                0x00085108       0x50 c:/eclipse/arduinoplugin/packages/arduino/tools/arm-none-eabi-gcc/4.8.3-2014q1/bin/../lib/gcc/arm-none-eabi/4.8.3/../../../../arm-none-eabi/lib/armv7-m\libg.a(lib_a-wcrtomb.o)
                0x00085108                _wcrtomb_r
 .text.__ascii_wctomb
                0x00085158       0x1c c:/eclipse/arduinoplugin/packages/arduino/tools/arm-none-eabi-gcc/4.8.3-2014q1/bin/../lib/gcc/arm-none-eabi/4.8.3/../../../../arm-none-eabi/lib/armv7-m\libg.a(lib_a-wctomb_r.o)
                0x00085158                __ascii_wctomb
 .text._write_r
                0x00085174       0x28 c:/eclipse/arduinoplugin/packages/arduino/tools/arm-none-eabi-gcc/4.8.3-2014q1/bin/../lib/gcc/arm-none-eabi/4.8.3/../../../../arm-none-eabi/lib/armv7-m\libg.a(lib_a-writer.o)
                0x00085174                _write_r
 .text.__register_exitproc
                0x0008519c       0xa8 c:/eclipse/arduinoplugin/packages/arduino/tools/arm-none-eabi-gcc/4.8.3-2014q1/bin/../lib/gcc/arm-none-eabi/4.8.3/../../../../arm-none-eabi/lib/armv7-m\libg.a(lib_a-__atexit.o)
                0x0008519c                __register_exitproc
 .text._close_r
                0x00085244       0x24 c:/eclipse/arduinoplugin/packages/arduino/tools/arm-none-eabi-gcc/4.8.3-2014q1/bin/../lib/gcc/arm-none-eabi/4.8.3/../../../../arm-none-eabi/lib/armv7-m\libg.a(lib_a-closer.o)
                0x00085244                _close_r
 .text._fclose_r
                0x00085268       0x80 c:/eclipse/arduinoplugin/packages/arduino/tools/arm-none-eabi-gcc/4.8.3-2014q1/bin/../lib/gcc/arm-none-eabi/4.8.3/../../../../arm-none-eabi/lib/armv7-m\libg.a(lib_a-fclose.o)
                0x00085268                _fclose_r
 .text.fclose   0x000852e8       0x10 c:/eclipse/arduinoplugin/packages/arduino/tools/arm-none-eabi-gcc/4.8.3-2014q1/bin/../lib/gcc/arm-none-eabi/4.8.3/../../../../arm-none-eabi/lib/armv7-m\libg.a(lib_a-fclose.o)
                0x000852e8                fclose
 .text._fstat_r
                0x000852f8       0x28 c:/eclipse/arduinoplugin/packages/arduino/tools/arm-none-eabi-gcc/4.8.3-2014q1/bin/../lib/gcc/arm-none-eabi/4.8.3/../../../../arm-none-eabi/lib/armv7-m\libg.a(lib_a-fstatr.o)
                0x000852f8                _fstat_r
 .text._isatty_r
                0x00085320       0x24 c:/eclipse/arduinoplugin/packages/arduino/tools/arm-none-eabi-gcc/4.8.3-2014q1/bin/../lib/gcc/arm-none-eabi/4.8.3/../../../../arm-none-eabi/lib/armv7-m\libg.a(lib_a-isattyr.o)
                0x00085320                _isatty_r
 .text._lseek_r
                0x00085344       0x28 c:/eclipse/arduinoplugin/packages/arduino/tools/arm-none-eabi-gcc/4.8.3-2014q1/bin/../lib/gcc/arm-none-eabi/4.8.3/../../../../arm-none-eabi/lib/armv7-m\libg.a(lib_a-lseekr.o)
                0x00085344                _lseek_r
 .text._read_r  0x0008536c       0x28 c:/eclipse/arduinoplugin/packages/arduino/tools/arm-none-eabi-gcc/4.8.3-2014q1/bin/../lib/gcc/arm-none-eabi/4.8.3/../../../../arm-none-eabi/lib/armv7-m\libg.a(lib_a-readr.o)
                0x0008536c                _read_r
 .text          0x00085394       0x2c c:/eclipse/arduinoplugin/packages/arduino/tools/arm-none-eabi-gcc/4.8.3-2014q1/bin/../lib/gcc/arm-none-eabi/4.8.3/armv7-m\libgcc.a(_aeabi_uldivmod.o)
                0x00085394                __aeabi_uldivmod
 .text          0x000853c0       0x60 c:/eclipse/arduinoplugin/packages/arduino/tools/arm-none-eabi-gcc/4.8.3-2014q1/bin/../lib/gcc/arm-none-eabi/4.8.3/armv7-m\libgcc.a(bpabi.o)
                0x000853c0                __gnu_ldivmod_helper
                0x000853f0                __gnu_uldivmod_helper
 .text          0x00085420        0x4 c:/eclipse/arduinoplugin/packages/arduino/tools/arm-none-eabi-gcc/4.8.3-2014q1/bin/../lib/gcc/arm-none-eabi/4.8.3/armv7-m\libgcc.a(_dvmd_tls.o)
                0x00085420                __aeabi_idiv0
                0x00085420                __aeabi_ldiv0
 .text          0x00085424      0x2a0 c:/eclipse/arduinoplugin/packages/arduino/tools/arm-none-eabi-gcc/4.8.3-2014q1/bin/../lib/gcc/arm-none-eabi/4.8.3/armv7-m\libgcc.a(_divdi3.o)
                0x00085424                __divdi3
 .text          0x000856c4      0x290 c:/eclipse/arduinoplugin/packages/arduino/tools/arm-none-eabi-gcc/4.8.3-2014q1/bin/../lib/gcc/arm-none-eabi/4.8.3/armv7-m\libgcc.a(_udivdi3.o)
                0x000856c4                __udivdi3
 *(.glue_7t)
 .glue_7t       0x00000000        0x0 linker stubs
 *(.glue_7)
 .glue_7        0x00000000        0x0 linker stubs
 *(.rodata .rodata* .gnu.linkonce.r.*)
 .rodata.str1.1
                0x00085954       0x60 .\sloeber.ino.cpp.o
                                 0x70 (size before relaxing)
 .rodata.__func__.6790
                0x000859b4       0x10 C:\Users\kulakov\AppData\Local\Arduino15\packages\arduino\hardware\sam\1.6.11\variants\arduino_due_x/libsam_sam3x8e_gcc_rel.a(rtc.o)
 .rodata.str1.1
                0x000859c4       0x50 C:\Users\kulakov\AppData\Local\Arduino15\packages\arduino\hardware\sam\1.6.11\variants\arduino_due_x/libsam_sam3x8e_gcc_rel.a(rtc.o)
 .rodata.__func__.6799
                0x00085a14        0xd C:\Users\kulakov\AppData\Local\Arduino15\packages\arduino\hardware\sam\1.6.11\variants\arduino_due_x/libsam_sam3x8e_gcc_rel.a(rtc.o)
 .rodata.__func__.6804
                0x00085a21        0xe C:\Users\kulakov\AppData\Local\Arduino15\packages\arduino\hardware\sam\1.6.11\variants\arduino_due_x/libsam_sam3x8e_gcc_rel.a(rtc.o)
 .rodata.__func__.7227
                0x00085a2f        0xe C:\Users\kulakov\AppData\Local\Arduino15\packages\arduino\hardware\sam\1.6.11\variants\arduino_due_x/libsam_sam3x8e_gcc_rel.a(twi.o)
 .rodata.str1.1
                0x00085a3d       0xb4 C:\Users\kulakov\AppData\Local\Arduino15\packages\arduino\hardware\sam\1.6.11\variants\arduino_due_x/libsam_sam3x8e_gcc_rel.a(twi.o)
 .rodata.__func__.7184
                0x00085af1        0x9 C:\Users\kulakov\AppData\Local\Arduino15\packages\arduino\hardware\sam\1.6.11\variants\arduino_due_x/libsam_sam3x8e_gcc_rel.a(twi.o)
 .rodata.__func__.7240
                0x00085afa       0x16 C:\Users\kulakov\AppData\Local\Arduino15\packages\arduino\hardware\sam\1.6.11\variants\arduino_due_x/libsam_sam3x8e_gcc_rel.a(twi.o)
 .rodata.__func__.7191
                0x00085b10        0xe C:\Users\kulakov\AppData\Local\Arduino15\packages\arduino\hardware\sam\1.6.11\variants\arduino_due_x/libsam_sam3x8e_gcc_rel.a(twi.o)
 .rodata.__func__.7231
                0x00085b1e        0xe C:\Users\kulakov\AppData\Local\Arduino15\packages\arduino\hardware\sam\1.6.11\variants\arduino_due_x/libsam_sam3x8e_gcc_rel.a(twi.o)
 .rodata.__func__.7195
                0x00085b2c        0xd C:\Users\kulakov\AppData\Local\Arduino15\packages\arduino\hardware\sam\1.6.11\variants\arduino_due_x/libsam_sam3x8e_gcc_rel.a(twi.o)
 .rodata.__func__.7222
                0x00085b39        0xd C:\Users\kulakov\AppData\Local\Arduino15\packages\arduino\hardware\sam\1.6.11\variants\arduino_due_x/libsam_sam3x8e_gcc_rel.a(twi.o)
 .rodata.__func__.7200
                0x00085b46        0xe C:\Users\kulakov\AppData\Local\Arduino15\packages\arduino\hardware\sam\1.6.11\variants\arduino_due_x/libsam_sam3x8e_gcc_rel.a(twi.o)
 .rodata.g_APinDescription
                0x00085b54      0xa2c G:/Electric/HeatPump/Control/Test/Release/arduino.ar(variant.cpp.o)
                0x00085b54                g_APinDescription
 .rodata.str1.1
                0x00086580        0xf G:/Electric/HeatPump/Control/Test/Release/arduino.ar(Print.cpp.o)
 *fill*         0x0008658f        0x1 
 .rodata._ZTV9UARTClass
                0x00086590       0x30 G:/Electric/HeatPump/Control/Test/Release/arduino.ar(UARTClass.cpp.o)
                0x00086590                vtable for UARTClass
 .rodata._ZTV10USARTClass
                0x000865c0       0x30 G:/Electric/HeatPump/Control/Test/Release/arduino.ar(USARTClass.cpp.o)
                0x000865c0                vtable for USARTClass
 .rodata.STRING_PRODUCT
                0x000865f0        0xc G:/Electric/HeatPump/Control/Test/Release/arduino.ar(USBCore.cpp.o)
                0x000865f0                STRING_PRODUCT
 .rodata.USB_DeviceDescriptor
                0x000865fc       0x12 G:/Electric/HeatPump/Control/Test/Release/arduino.ar(USBCore.cpp.o)
                0x000865fc                USB_DeviceDescriptor
 .rodata.STRING_LANGUAGE
                0x0008660e        0x4 G:/Electric/HeatPump/Control/Test/Release/arduino.ar(USBCore.cpp.o)
                0x0008660e                STRING_LANGUAGE
 .rodata._ZL18test_packet_buffer
                0x00086612       0x35 G:/Electric/HeatPump/Control/Test/Release/arduino.ar(USBCore.cpp.o)
 .rodata.STRING_MANUFACTURER
                0x00086647        0xc G:/Electric/HeatPump/Control/Test/Release/arduino.ar(USBCore.cpp.o)
                0x00086647                STRING_MANUFACTURER
 .rodata.USB_DeviceDescriptorA
                0x00086653       0x12 G:/Electric/HeatPump/Control/Test/Release/arduino.ar(USBCore.cpp.o)
                0x00086653                USB_DeviceDescriptorA
 .rodata._ZL19USB_DeviceQualifier
                0x00086665        0x9 G:/Electric/HeatPump/Control/Test/Release/arduino.ar(USBCore.cpp.o)
 *fill*         0x0008666e        0x2 
 .rodata._ZTV7Serial_
                0x00086670       0x28 G:/Electric/HeatPump/Control/Test/Release/arduino.ar(CDC.cpp.o)
                0x00086670                vtable for Serial_
 .rodata._ZL18_cdcOtherInterface
                0x00086698       0x42 G:/Electric/HeatPump/Control/Test/Release/arduino.ar(CDC.cpp.o)
 .rodata._ZL13_cdcInterface
                0x000866da       0x42 G:/Electric/HeatPump/Control/Test/Release/arduino.ar(CDC.cpp.o)
 .rodata        0x0008671c       0x40 C:\Users\kulakov\AppData\Local\Arduino15\packages\arduino\hardware\sam\1.6.11\variants\arduino_due_x/libsam_sam3x8e_gcc_rel.a(adc.o)
 .rodata.str1.4
                0x0008675c       0x3f c:/eclipse/arduinoplugin/packages/arduino/tools/arm-none-eabi-gcc/4.8.3-2014q1/bin/../lib/gcc/arm-none-eabi/4.8.3/../../../../arm-none-eabi/lib/armv7-m\libg.a(lib_a-assert.o)
                                 0x44 (size before relaxing)
 *fill*         0x0008679b        0x1 
 .rodata.str1.4
                0x0008679c        0x2 c:/eclipse/arduinoplugin/packages/arduino/tools/arm-none-eabi-gcc/4.8.3-2014q1/bin/../lib/gcc/arm-none-eabi/4.8.3/../../../../arm-none-eabi/lib/armv7-m\libg.a(lib_a-impure.o)
                                  0x4 (size before relaxing)
 *fill*         0x0008679e        0x2 
 .rodata._global_impure_ptr
                0x000867a0        0x4 c:/eclipse/arduinoplugin/packages/arduino/tools/arm-none-eabi-gcc/4.8.3-2014q1/bin/../lib/gcc/arm-none-eabi/4.8.3/../../../../arm-none-eabi/lib/armv7-m\libg.a(lib_a-impure.o)
                0x000867a0                _global_impure_ptr
 .rodata.blanks.6717
                0x000867a4       0x10 c:/eclipse/arduinoplugin/packages/arduino/tools/arm-none-eabi-gcc/4.8.3-2014q1/bin/../lib/gcc/arm-none-eabi/4.8.3/../../../../arm-none-eabi/lib/armv7-m\libg.a(lib_a-vfiprintf.o)
 .rodata.str1.4
                0x000867b4       0x30 c:/eclipse/arduinoplugin/packages/arduino/tools/arm-none-eabi-gcc/4.8.3-2014q1/bin/../lib/gcc/arm-none-eabi/4.8.3/../../../../arm-none-eabi/lib/armv7-m\libg.a(lib_a-vfiprintf.o)
 .rodata.zeroes.6718
                0x000867e4       0x10 c:/eclipse/arduinoplugin/packages/arduino/tools/arm-none-eabi-gcc/4.8.3-2014q1/bin/../lib/gcc/arm-none-eabi/4.8.3/../../../../arm-none-eabi/lib/armv7-m\libg.a(lib_a-vfiprintf.o)
 *(.ARM.extab* .gnu.linkonce.armextab.*)
                0x000867f4                . = ALIGN (0x4)
 *(.init)
 .init          0x000867f4        0x4 c:/eclipse/arduinoplugin/packages/arduino/tools/arm-none-eabi-gcc/4.8.3-2014q1/bin/../lib/gcc/arm-none-eabi/4.8.3/armv7-m/crti.o
                0x000867f4                _init
 .init          0x000867f8        0x8 c:/eclipse/arduinoplugin/packages/arduino/tools/arm-none-eabi-gcc/4.8.3-2014q1/bin/../lib/gcc/arm-none-eabi/4.8.3/armv7-m/crtn.o
                0x00086800                . = ALIGN (0x4)
                0x00086800                __preinit_array_start = .
 *(.preinit_array)
                0x00086800                __preinit_array_end = .
                0x00086800                . = ALIGN (0x4)
                0x00086800                __init_array_start = .
 *(SORT(.init_array.*))
 .init_array.00000
                0x00086800        0x4 c:/eclipse/arduinoplugin/packages/arduino/tools/arm-none-eabi-gcc/4.8.3-2014q1/bin/../lib/gcc/arm-none-eabi/4.8.3/../../../../arm-none-eabi/lib/armv7-m\libg.a(lib_a-__call_atexit.o)
 *(.init_array)
 .init_array    0x00086804        0x4 c:/eclipse/arduinoplugin/packages/arduino/tools/arm-none-eabi-gcc/4.8.3-2014q1/bin/../lib/gcc/arm-none-eabi/4.8.3/armv7-m/crtbegin.o
 .init_array    0x00086808        0x4 .\sloeber.ino.cpp.o
 .init_array    0x0008680c        0x4 .\libraries\WireSam\src\WireSam.cpp.o
 .init_array    0x00086810        0x4 G:/Electric/HeatPump/Control/Test/Release/arduino.ar(variant.cpp.o)
 .init_array    0x00086814        0x4 G:/Electric/HeatPump/Control/Test/Release/arduino.ar(USBCore.cpp.o)
 .init_array    0x00086818        0x4 G:/Electric/HeatPump/Control/Test/Release/arduino.ar(CDC.cpp.o)
                0x0008681c                __init_array_end = .
                0x0008681c                . = ALIGN (0x4)
 *crtbegin.o(.ctors)
 *(EXCLUDE_FILE(*crtend.o) .ctors)
 *(SORT(.ctors.*))
 *crtend.o(.ctors)
                0x0008681c                . = ALIGN (0x4)
 *(.fini)
 .fini          0x0008681c        0x4 c:/eclipse/arduinoplugin/packages/arduino/tools/arm-none-eabi-gcc/4.8.3-2014q1/bin/../lib/gcc/arm-none-eabi/4.8.3/armv7-m/crti.o
                0x0008681c                _fini
 .fini          0x00086820        0x8 c:/eclipse/arduinoplugin/packages/arduino/tools/arm-none-eabi-gcc/4.8.3-2014q1/bin/../lib/gcc/arm-none-eabi/4.8.3/armv7-m/crtn.o
                0x00086828                . = ALIGN (0x4)
                0x00086828                __fini_array_start = .
 *(.fini_array)
 .fini_array    0x00086828        0x4 c:/eclipse/arduinoplugin/packages/arduino/tools/arm-none-eabi-gcc/4.8.3-2014q1/bin/../lib/gcc/arm-none-eabi/4.8.3/armv7-m/crtbegin.o
 *(SORT(.fini_array.*))
                0x0008682c                __fini_array_end = .
 *crtbegin.o(.dtors)
 *(EXCLUDE_FILE(*crtend.o) .dtors)
 *(SORT(.dtors.*))
 *crtend.o(.dtors)
                0x0008682c                . = ALIGN (0x4)
                0x0008682c                _efixed = .
                0x0008682c                PROVIDE (__exidx_start, .)

.vfp11_veneer   0x0008682c        0x0
 .vfp11_veneer  0x00000000        0x0 linker stubs

.v4_bx          0x0008682c        0x0
 .v4_bx         0x00000000        0x0 linker stubs

.iplt           0x0008682c        0x0
 .iplt          0x00000000        0x0 c:/eclipse/arduinoplugin/packages/arduino/tools/arm-none-eabi-gcc/4.8.3-2014q1/bin/../lib/gcc/arm-none-eabi/4.8.3/armv7-m/crtbegin.o

.ARM.exidx      0x0008682c        0x8
 *(.ARM.exidx* .gnu.linkonce.armexidx.*)
 .ARM.exidx     0x0008682c        0x8 c:/eclipse/arduinoplugin/packages/arduino/tools/arm-none-eabi-gcc/4.8.3-2014q1/bin/../lib/gcc/arm-none-eabi/4.8.3/armv7-m\libgcc.a(_divdi3.o)
 .ARM.exidx     0x00086834        0x0 c:/eclipse/arduinoplugin/packages/arduino/tools/arm-none-eabi-gcc/4.8.3-2014q1/bin/../lib/gcc/arm-none-eabi/4.8.3/armv7-m\libgcc.a(_udivdi3.o)
                                  0x8 (size before relaxing)
                0x00086834                PROVIDE (__exidx_end, .)

.eh_frame       0x00086834        0x0
 .eh_frame      0x00086834        0x0 c:/eclipse/arduinoplugin/packages/arduino/tools/arm-none-eabi-gcc/4.8.3-2014q1/bin/../lib/gcc/arm-none-eabi/4.8.3/armv7-m/crtbegin.o

.rel.dyn        0x00086834        0x0
 .rel.iplt      0x00000000        0x0 c:/eclipse/arduinoplugin/packages/arduino/tools/arm-none-eabi-gcc/4.8.3-2014q1/bin/../lib/gcc/arm-none-eabi/4.8.3/armv7-m/crtbegin.o

.jcr            0x00086834        0x0
 .jcr           0x00086834        0x0 c:/eclipse/arduinoplugin/packages/arduino/tools/arm-none-eabi-gcc/4.8.3-2014q1/bin/../lib/gcc/arm-none-eabi/4.8.3/armv7-m/crtbegin.o

.igot.plt       0x00086834        0x0
 .igot.plt      0x00000000        0x0 c:/eclipse/arduinoplugin/packages/arduino/tools/arm-none-eabi-gcc/4.8.3-2014q1/bin/../lib/gcc/arm-none-eabi/4.8.3/armv7-m/crtbegin.o
                0x00086834                . = ALIGN (0x4)
                0x00086834                _etext = .

.relocate       0x20070000      0x8d4 load address 0x00086834
                0x20070000                . = ALIGN (0x4)
                0x20070000                _srelocate = .
 *(.ramfunc .ramfunc.*)
 .ramfunc       0x20070000       0x2c G:/Electric/HeatPump/Control/Test/Release/arduino.ar(Reset.cpp.o)
                0x20070000                banzai
 *(.data .data.*)
 .data.EndPoints
                0x2007002c       0x28 G:/Electric/HeatPump/Control/Test/Release/arduino.ar(USBCore.cpp.o)
                0x2007002c                EndPoints
 .data._ZL5ticks
                0x20070054        0x4 G:/Electric/HeatPump/Control/Test/Release/arduino.ar(Reset.cpp.o)
 .data._ZL10breakValue
                0x20070058        0x4 G:/Electric/HeatPump/Control/Test/Release/arduino.ar(CDC.cpp.o)
 .data._ZL12_usbLineInfo
                0x2007005c        0x8 G:/Electric/HeatPump/Control/Test/Release/arduino.ar(CDC.cpp.o)
 .data.SystemCoreClock
                0x20070064        0x4 C:\Users\kulakov\AppData\Local\Arduino15\packages\arduino\hardware\sam\1.6.11\variants\arduino_due_x/libsam_sam3x8e_gcc_rel.a(system_sam3xa.o)
                0x20070064                SystemCoreClock
 .data.g_interrupt_enabled
                0x20070068        0x4 C:\Users\kulakov\AppData\Local\Arduino15\packages\arduino\hardware\sam\1.6.11\variants\arduino_due_x/libsam_sam3x8e_gcc_rel.a(interrupt_sam_nvic.o)
                0x20070068                g_interrupt_enabled
 *fill*         0x2007006c        0x4 
 .data.impure_data
                0x20070070      0x428 c:/eclipse/arduinoplugin/packages/arduino/tools/arm-none-eabi-gcc/4.8.3-2014q1/bin/../lib/gcc/arm-none-eabi/4.8.3/../../../../arm-none-eabi/lib/armv7-m\libg.a(lib_a-impure.o)
 .data._impure_ptr
                0x20070498        0x4 c:/eclipse/arduinoplugin/packages/arduino/tools/arm-none-eabi-gcc/4.8.3-2014q1/bin/../lib/gcc/arm-none-eabi/4.8.3/../../../../arm-none-eabi/lib/armv7-m\libg.a(lib_a-impure.o)
                0x20070498                _impure_ptr
 .data.__malloc_av_
                0x2007049c      0x408 c:/eclipse/arduinoplugin/packages/arduino/tools/arm-none-eabi-gcc/4.8.3-2014q1/bin/../lib/gcc/arm-none-eabi/4.8.3/../../../../arm-none-eabi/lib/armv7-m\libg.a(lib_a-mallocr.o)
                0x2007049c                __malloc_av_
 .data.__malloc_trim_threshold
                0x200708a4        0x4 c:/eclipse/arduinoplugin/packages/arduino/tools/arm-none-eabi-gcc/4.8.3-2014q1/bin/../lib/gcc/arm-none-eabi/4.8.3/../../../../arm-none-eabi/lib/armv7-m\libg.a(lib_a-mallocr.o)
                0x200708a4                __malloc_trim_threshold
 .data.__malloc_sbrk_base
                0x200708a8        0x4 c:/eclipse/arduinoplugin/packages/arduino/tools/arm-none-eabi-gcc/4.8.3-2014q1/bin/../lib/gcc/arm-none-eabi/4.8.3/../../../../arm-none-eabi/lib/armv7-m\libg.a(lib_a-mallocr.o)
                0x200708a8                __malloc_sbrk_base
 .data.lc_ctype_charset
                0x200708ac       0x20 c:/eclipse/arduinoplugin/packages/arduino/tools/arm-none-eabi-gcc/4.8.3-2014q1/bin/../lib/gcc/arm-none-eabi/4.8.3/../../../../arm-none-eabi/lib/armv7-m\libg.a(lib_a-locale.o)
 .data.__mb_cur_max
                0x200708cc        0x4 c:/eclipse/arduinoplugin/packages/arduino/tools/arm-none-eabi-gcc/4.8.3-2014q1/bin/../lib/gcc/arm-none-eabi/4.8.3/../../../../arm-none-eabi/lib/armv7-m\libg.a(lib_a-locale.o)
                0x200708cc                __mb_cur_max
 .data.__wctomb
                0x200708d0        0x4 c:/eclipse/arduinoplugin/packages/arduino/tools/arm-none-eabi-gcc/4.8.3-2014q1/bin/../lib/gcc/arm-none-eabi/4.8.3/../../../../arm-none-eabi/lib/armv7-m\libg.a(lib_a-wctomb_r.o)
                0x200708d0                __wctomb
                0x200708d4                . = ALIGN (0x4)
                0x200708d4                _erelocate = .

.bss            0x200708d4      0xcb0 load address 0x00087108
                0x200708d4                . = ALIGN (0x4)
                0x200708d4                _sbss = .
                0x200708d4                _szero = .
 *(.bss .bss.*)
 .bss           0x200708d4       0x1c c:/eclipse/arduinoplugin/packages/arduino/tools/arm-none-eabi-gcc/4.8.3-2014q1/bin/../lib/gcc/arm-none-eabi/4.8.3/armv7-m/crtbegin.o
 .bss.pbuf      0x200708f0      0x101 .\sloeber.ino.cpp.o
                0x200708f0                pbuf
 .bss._ZL4_buf  0x200709f1       0x11 .\sloeber.ino.cpp.o
 *fill*         0x20070a02        0x2 
 .bss.rtcSAM3X8
                0x20070a04       0x30 .\sloeber.ino.cpp.o
                0x20070a04                rtcSAM3X8
 .bss.Wire1     0x20070a34       0x54 .\libraries\WireSam\src\WireSam.cpp.o
                0x20070a34                Wire1
 .bss.Wire      0x20070a88       0x54 .\libraries\WireSam\src\WireSam.cpp.o
                0x20070a88                Wire
 .bss.sysTickEnabled
                0x20070adc        0x4 .\libraries\FreeRTOS_ARM\src\utility\port.c.o
                0x20070adc                sysTickEnabled
 .bss.uxTopReadyPriority
                0x20070ae0        0x4 .\libraries\FreeRTOS_ARM\src\utility\tasks.c.o
 .bss.xTickCount
                0x20070ae4        0x4 .\libraries\FreeRTOS_ARM\src\utility\tasks.c.o
 .bss.pxReadyTasksLists
                0x20070ae8       0x64 .\libraries\FreeRTOS_ARM\src\utility\tasks.c.o
 .bss.ulTotalRunTime
                0x20070b4c        0x4 .\libraries\FreeRTOS_ARM\src\utility\tasks.c.o
 .bss.pxDelayedTaskList
                0x20070b50        0x4 .\libraries\FreeRTOS_ARM\src\utility\tasks.c.o
 .bss.xYieldPending
                0x20070b54        0x4 .\libraries\FreeRTOS_ARM\src\utility\tasks.c.o
 .bss.ulTaskSwitchedInTime
                0x20070b58        0x4 .\libraries\FreeRTOS_ARM\src\utility\tasks.c.o
 .bss.pxCurrentTCB
                0x20070b5c        0x4 .\libraries\FreeRTOS_ARM\src\utility\tasks.c.o
                0x20070b5c                pxCurrentTCB
 .bss.uxPendedTicks
                0x20070b60        0x4 .\libraries\FreeRTOS_ARM\src\utility\tasks.c.o
 .bss.xNextTaskUnblockTime
                0x20070b64        0x4 .\libraries\FreeRTOS_ARM\src\utility\tasks.c.o
 .bss.uxSchedulerSuspended
                0x20070b68        0x4 .\libraries\FreeRTOS_ARM\src\utility\tasks.c.o
 .bss.pxOverflowDelayedTaskList
                0x20070b6c        0x4 .\libraries\FreeRTOS_ARM\src\utility\tasks.c.o
 .bss.xNumOfOverflows
                0x20070b70        0x4 .\libraries\FreeRTOS_ARM\src\utility\tasks.c.o
 .bss.useralarmFunc
                0x20070b74        0x4 .\libraries\Arduino-Due-RTC-Library\src\rtc_clock.cpp.o
                0x20070b74                useralarmFunc
 .bss.gpf_isr   0x20070b78        0x4 C:\Users\kulakov\AppData\Local\Arduino15\packages\arduino\hardware\sam\1.6.11\variants\arduino_due_x/libsam_sam3x8e_gcc_rel.a(uotghs.o)
                0x20070b78                gpf_isr
 .bss.tx_buffer2
                0x20070b7c       0x88 G:/Electric/HeatPump/Control/Test/Release/arduino.ar(variant.cpp.o)
                0x20070b7c                tx_buffer2
 .bss.tx_buffer1
                0x20070c04       0x88 G:/Electric/HeatPump/Control/Test/Release/arduino.ar(variant.cpp.o)
                0x20070c04                tx_buffer1
 .bss.Serial    0x20070c8c       0x24 G:/Electric/HeatPump/Control/Test/Release/arduino.ar(variant.cpp.o)
                0x20070c8c                Serial
 .bss.rx_buffer1
                0x20070cb0       0x88 G:/Electric/HeatPump/Control/Test/Release/arduino.ar(variant.cpp.o)
                0x20070cb0                rx_buffer1
 .bss.Serial1   0x20070d38       0x28 G:/Electric/HeatPump/Control/Test/Release/arduino.ar(variant.cpp.o)
                0x20070d38                Serial1
 .bss.Serial2   0x20070d60       0x28 G:/Electric/HeatPump/Control/Test/Release/arduino.ar(variant.cpp.o)
                0x20070d60                Serial2
 .bss.Serial3   0x20070d88       0x28 G:/Electric/HeatPump/Control/Test/Release/arduino.ar(variant.cpp.o)
                0x20070d88                Serial3
 .bss.tx_buffer3
                0x20070db0       0x88 G:/Electric/HeatPump/Control/Test/Release/arduino.ar(variant.cpp.o)
                0x20070db0                tx_buffer3
 .bss.tx_buffer4
                0x20070e38       0x88 G:/Electric/HeatPump/Control/Test/Release/arduino.ar(variant.cpp.o)
                0x20070e38                tx_buffer4
 .bss.g_pinStatus
                0x20070ec0       0x4f G:/Electric/HeatPump/Control/Test/Release/arduino.ar(variant.cpp.o)
                0x20070ec0                g_pinStatus
 *fill*         0x20070f0f        0x1 
 .bss.rx_buffer2
                0x20070f10       0x88 G:/Electric/HeatPump/Control/Test/Release/arduino.ar(variant.cpp.o)
                0x20070f10                rx_buffer2
 .bss.rx_buffer3
                0x20070f98       0x88 G:/Electric/HeatPump/Control/Test/Release/arduino.ar(variant.cpp.o)
                0x20070f98                rx_buffer3
 .bss.rx_buffer4
                0x20071020       0x88 G:/Electric/HeatPump/Control/Test/Release/arduino.ar(variant.cpp.o)
                0x20071020                rx_buffer4
 .bss.callbacksPioA
                0x200710a8       0x80 G:/Electric/HeatPump/Control/Test/Release/arduino.ar(WInterrupts.c.o)
 .bss.callbacksPioB
                0x20071128       0x80 G:/Electric/HeatPump/Control/Test/Release/arduino.ar(WInterrupts.c.o)
 .bss.callbacksPioC
                0x200711a8       0x80 G:/Electric/HeatPump/Control/Test/Release/arduino.ar(WInterrupts.c.o)
 .bss.callbacksPioD
                0x20071228       0x80 G:/Electric/HeatPump/Control/Test/Release/arduino.ar(WInterrupts.c.o)
 .bss.heap.6420
                0x200712a8        0x4 G:/Electric/HeatPump/Control/Test/Release/arduino.ar(syscalls_sam3.c.o)
 .bss._cmark    0x200712ac        0x2 G:/Electric/HeatPump/Control/Test/Release/arduino.ar(USBCore.cpp.o)
                0x200712ac                _cmark
 .bss._ZL14isEndpointHalt
                0x200712ae        0x1 G:/Electric/HeatPump/Control/Test/Release/arduino.ar(USBCore.cpp.o)
 *fill*         0x200712af        0x1 
 .bss._cdcComposite
                0x200712b0        0x4 G:/Electric/HeatPump/Control/Test/Release/arduino.ar(USBCore.cpp.o)
                0x200712b0                _cdcComposite
 .bss._ZL21isRemoteWakeUpEnabled
                0x200712b4        0x1 G:/Electric/HeatPump/Control/Test/Release/arduino.ar(USBCore.cpp.o)
 *fill*         0x200712b5        0x3 
 .bss._usbInitialized
                0x200712b8        0x4 G:/Electric/HeatPump/Control/Test/Release/arduino.ar(USBCore.cpp.o)
                0x200712b8                _usbInitialized
 .bss.USBDevice
                0x200712bc        0x1 G:/Electric/HeatPump/Control/Test/Release/arduino.ar(USBCore.cpp.o)
                0x200712bc                USBDevice
 *fill*         0x200712bd        0x3 
 .bss._usbSetInterface
                0x200712c0        0x4 G:/Electric/HeatPump/Control/Test/Release/arduino.ar(USBCore.cpp.o)
                0x200712c0                _usbSetInterface
 .bss._cend     0x200712c4        0x2 G:/Electric/HeatPump/Control/Test/Release/arduino.ar(USBCore.cpp.o)
                0x200712c4                _cend
 *fill*         0x200712c6        0x2 
 .bss._usbConfiguration
                0x200712c8        0x4 G:/Electric/HeatPump/Control/Test/Release/arduino.ar(USBCore.cpp.o)
                0x200712c8                _usbConfiguration
 .bss.cdc_rx_buffer
                0x200712cc      0x208 G:/Electric/HeatPump/Control/Test/Release/arduino.ar(CDC.cpp.o)
                0x200712cc                cdc_rx_buffer
 .bss._ZZN7Serial_6acceptEvE5guard
                0x200714d4        0x4 G:/Electric/HeatPump/Control/Test/Release/arduino.ar(CDC.cpp.o)
 .bss.SerialUSB
                0x200714d8       0x14 G:/Electric/HeatPump/Control/Test/Release/arduino.ar(CDC.cpp.o)
                0x200714d8                SerialUSB
 .bss._ZZ12PluggableUSBvE3obj
                0x200714ec        0x8 G:/Electric/HeatPump/Control/Test/Release/arduino.ar(PluggableUSB.cpp.o)
 .bss._ZGVZ12PluggableUSBvE3obj
                0x200714f4        0x4 G:/Electric/HeatPump/Control/Test/Release/arduino.ar(PluggableUSB.cpp.o)
 .bss._dwTickCount
                0x200714f8        0x4 C:\Users\kulakov\AppData\Local\Arduino15\packages\arduino\hardware\sam\1.6.11\variants\arduino_due_x/libsam_sam3x8e_gcc_rel.a(timetick.o)
 .bss.ul_recv_fifo_ptr
                0x200714fc       0x28 C:\Users\kulakov\AppData\Local\Arduino15\packages\arduino\hardware\sam\1.6.11\variants\arduino_due_x/libsam_sam3x8e_gcc_rel.a(uotghs_device.o)
 .bss.ul_send_fifo_ptr
                0x20071524       0x28 C:\Users\kulakov\AppData\Local\Arduino15\packages\arduino\hardware\sam\1.6.11\variants\arduino_due_x/libsam_sam3x8e_gcc_rel.a(uotghs_device.o)
 .bss.__malloc_max_total_mem
                0x2007154c        0x4 c:/eclipse/arduinoplugin/packages/arduino/tools/arm-none-eabi-gcc/4.8.3-2014q1/bin/../lib/gcc/arm-none-eabi/4.8.3/../../../../arm-none-eabi/lib/armv7-m\libg.a(lib_a-mallocr.o)
                0x2007154c                __malloc_max_total_mem
 .bss.__malloc_max_sbrked_mem
                0x20071550        0x4 c:/eclipse/arduinoplugin/packages/arduino/tools/arm-none-eabi-gcc/4.8.3-2014q1/bin/../lib/gcc/arm-none-eabi/4.8.3/../../../../arm-none-eabi/lib/armv7-m\libg.a(lib_a-mallocr.o)
                0x20071550                __malloc_max_sbrked_mem
 .bss.__malloc_top_pad
                0x20071554        0x4 c:/eclipse/arduinoplugin/packages/arduino/tools/arm-none-eabi-gcc/4.8.3-2014q1/bin/../lib/gcc/arm-none-eabi/4.8.3/../../../../arm-none-eabi/lib/armv7-m\libg.a(lib_a-mallocr.o)
                0x20071554                __malloc_top_pad
 .bss.__malloc_current_mallinfo
                0x20071558       0x28 c:/eclipse/arduinoplugin/packages/arduino/tools/arm-none-eabi-gcc/4.8.3-2014q1/bin/../lib/gcc/arm-none-eabi/4.8.3/../../../../arm-none-eabi/lib/armv7-m\libg.a(lib_a-mallocr.o)
                0x20071558                __malloc_current_mallinfo
 *(COMMON)
 COMMON         0x20071580        0x4 c:/eclipse/arduinoplugin/packages/arduino/tools/arm-none-eabi-gcc/4.8.3-2014q1/bin/../lib/gcc/arm-none-eabi/4.8.3/../../../../arm-none-eabi/lib/armv7-m\libg.a(lib_a-reent.o)
                0x20071580                errno
                0x20071584                . = ALIGN (0x4)
                0x20071584                _ebss = .
                0x20071584                _ezero = .
                0x20071584                . = ALIGN (0x4)
                0x20071584                _end = .

.stack_dummy    0x20071584        0x0
 *(.stack*)
                0x20088000                __StackTop = (ORIGIN (ram) + 0x18000)
                0x20088000                __StackLimit = (__StackTop - SIZEOF (.stack_dummy))
                0x20088000                PROVIDE (_sstack, __StackLimit)
                0x20088000                PROVIDE (_estack, __StackTop)
OUTPUT(G:\Electric\HeatPump\Control\Test/Release/Test.elf elf32-littlearm)

.ARM.attributes
                0x00000000       0x29
 .ARM.attributes
                0x00000000       0x1d c:/eclipse/arduinoplugin/packages/arduino/tools/arm-none-eabi-gcc/4.8.3-2014q1/bin/../lib/gcc/arm-none-eabi/4.8.3/armv7-m/crti.o
 .ARM.attributes
                0x0000001d       0x2d c:/eclipse/arduinoplugin/packages/arduino/tools/arm-none-eabi-gcc/4.8.3-2014q1/bin/../lib/gcc/arm-none-eabi/4.8.3/armv7-m/crtbegin.o
 .ARM.attributes
                0x0000004a       0x33 .\sloeber.ino.cpp.o
 .ARM.attributes
                0x0000007d       0x33 .\libraries\WireSam\src\WireSam.cpp.o
 .ARM.attributes
                0x000000b0       0x33 .\libraries\FreeRTOS_ARM\src\utility\list.c.o
 .ARM.attributes
                0x000000e3       0x33 .\libraries\FreeRTOS_ARM\src\utility\port.c.o
 .ARM.attributes
                0x00000116       0x33 .\libraries\FreeRTOS_ARM\src\utility\tasks.c.o
 .ARM.attributes
                0x00000149       0x33 .\libraries\FreeRTOS_ARM\src\FreeRTOS_ARM.c.o
 .ARM.attributes
                0x0000017c       0x33 .\libraries\Arduino-Due-RTC-Library\src\rtc_clock.cpp.o
 .ARM.attributes
                0x000001af       0x33 C:\Users\kulakov\AppData\Local\Arduino15\packages\arduino\hardware\sam\1.6.11\variants\arduino_due_x/libsam_sam3x8e_gcc_rel.a(pio.o)
 .ARM.attributes
                0x000001e2       0x33 C:\Users\kulakov\AppData\Local\Arduino15\packages\arduino\hardware\sam\1.6.11\variants\arduino_due_x/libsam_sam3x8e_gcc_rel.a(pmc.o)
 .ARM.attributes
                0x00000215       0x33 C:\Users\kulakov\AppData\Local\Arduino15\packages\arduino\hardware\sam\1.6.11\variants\arduino_due_x/libsam_sam3x8e_gcc_rel.a(rtc.o)
 .ARM.attributes
                0x00000248       0x33 C:\Users\kulakov\AppData\Local\Arduino15\packages\arduino\hardware\sam\1.6.11\variants\arduino_due_x/libsam_sam3x8e_gcc_rel.a(twi.o)
 .ARM.attributes
                0x0000027b       0x33 C:\Users\kulakov\AppData\Local\Arduino15\packages\arduino\hardware\sam\1.6.11\variants\arduino_due_x/libsam_sam3x8e_gcc_rel.a(startup_sam3xa.o)
 .ARM.attributes
                0x000002ae       0x33 C:\Users\kulakov\AppData\Local\Arduino15\packages\arduino\hardware\sam\1.6.11\variants\arduino_due_x/libsam_sam3x8e_gcc_rel.a(uotghs.o)
 .ARM.attributes
                0x000002e1       0x33 C:\Users\kulakov\AppData\Local\Arduino15\packages\arduino\hardware\sam\1.6.11\variants\arduino_due_x/libsam_sam3x8e_gcc_rel.a(rstc.o)
 .ARM.attributes
                0x00000314       0x33 G:/Electric/HeatPump/Control/Test/Release/arduino.ar(variant.cpp.o)